Mar 25 09:43:37 Tower syslogd 1.4.1: restart.
Mar 25 09:43:37 Tower logger: /etc/rc.d/rc.inet1:  List of interfaces: 'eth0'
Mar 25 09:43:37 Tower logger: /etc/rc.d/rc.inet1:  /sbin/ifconfig lo 127.0.0.1
Mar 25 09:43:37 Tower logger: /etc/rc.d/rc.inet1:  /sbin/route add -net 127.0.0.0 netmask 255.0.0.0 lo
Mar 25 09:43:37 Tower kernel: klogd 1.4.1, log source = /proc/kmsg started.
Mar 25 09:43:37 Tower kernel: Linux version 3.9.11p-unRAID (root@Develop) (gcc version 4.4.4 (GCC) ) #5 SMP Sat Dec 21 19:37:06 PST 2013
Mar 25 09:43:37 Tower kernel: e820: BIOS-provided physical RAM map:
Mar 25 09:43:37 Tower kernel: BIOS-e820: [mem 0x0000000000000000-0x000000000009d7ff] usable
Mar 25 09:43:37 Tower kernel: BIOS-e820: [mem 0x000000000009d800-0x000000000009ffff] reserved
Mar 25 09:43:37 Tower kernel: BIOS-e820: [mem 0x00000000000e0000-0x00000000000fffff] reserved
Mar 25 09:43:37 Tower kernel: BIOS-e820: [mem 0x0000000000100000-0x00000000ba13ffff] usable
Mar 25 09:43:37 Tower kernel: BIOS-e820: [mem 0x00000000ba140000-0x00000000ba146fff] ACPI NVS
Mar 25 09:43:37 Tower kernel: BIOS-e820: [mem 0x00000000ba147000-0x00000000ba588fff] usable
Mar 25 09:43:37 Tower kernel: BIOS-e820: [mem 0x00000000ba589000-0x00000000ba976fff] reserved
Mar 25 09:43:37 Tower kernel: BIOS-e820: [mem 0x00000000ba977000-0x00000000cc78bfff] usable
Mar 25 09:43:37 Tower kernel: BIOS-e820: [mem 0x00000000cc78c000-0x00000000cc98ffff] reserved
Mar 25 09:43:37 Tower kernel: BIOS-e820: [mem 0x00000000cc990000-0x00000000cc9a4fff] ACPI data
Mar 25 09:43:37 Tower kernel: BIOS-e820: [mem 0x00000000cc9a5000-0x00000000cce3efff] ACPI NVS
Mar 25 09:43:37 Tower kernel: BIOS-e820: [mem 0x00000000cce3f000-0x00000000cdffefff] reserved
Mar 25 09:43:37 Tower kernel: BIOS-e820: [mem 0x00000000cdfff000-0x00000000cdffffff] usable
Mar 25 09:43:37 Tower kernel: BIOS-e820: [mem 0x00000000cf000000-0x00000000df1fffff] reserved
Mar 25 09:43:37 Tower kernel: BIOS-e820: [mem 0x00000000f8000000-0x00000000fbffffff] reserved
Mar 25 09:43:37 Tower kernel: BIOS-e820: [mem 0x00000000fec00000-0x00000000fec00fff] reserved
Mar 25 09:43:37 Tower kernel: BIOS-e820: [mem 0x00000000fed00000-0x00000000fed03fff] reserved
Mar 25 09:43:37 Tower kernel: BIOS-e820: [mem 0x00000000fed1c000-0x00000000fed1ffff] reserved
Mar 25 09:43:37 Tower kernel: BIOS-e820: [mem 0x00000000fee00000-0x00000000fee00fff] reserved
Mar 25 09:43:37 Tower kernel: BIOS-e820: [mem 0x00000000ff000000-0x00000000ffffffff] reserved
Mar 25 09:43:37 Tower kernel: BIOS-e820: [mem 0x0000000100000000-0x000000021fdfffff] usable
Mar 25 09:43:37 Tower kernel: NX (Execute Disable) protection: active
Mar 25 09:43:37 Tower kernel: SMBIOS 2.7 present.
Mar 25 09:43:37 Tower kernel: DMI: ASUS All Series/H87I-PLUS, BIOS 0306 04/15/2013
Mar 25 09:43:37 Tower kernel: e820: update [mem 0x00000000-0x00000fff] usable ==> reserved
Mar 25 09:43:37 Tower kernel: e820: remove [mem 0x000a0000-0x000fffff] usable
Mar 25 09:43:37 Tower kernel: e820: last_pfn = 0x21fe00 max_arch_pfn = 0x1000000
Mar 25 09:43:37 Tower kernel: MTRR default type: uncachable
Mar 25 09:43:37 Tower kernel: MTRR fixed ranges enabled:
Mar 25 09:43:37 Tower kernel:   00000-9FFFF write-back
Mar 25 09:43:37 Tower kernel:   A0000-BFFFF uncachable
Mar 25 09:43:37 Tower kernel:   C0000-CFFFF write-protect
Mar 25 09:43:37 Tower kernel:   D0000-E7FFF uncachable
Mar 25 09:43:37 Tower kernel:   E8000-FFFFF write-protect
Mar 25 09:43:37 Tower kernel: MTRR variable ranges enabled:
Mar 25 09:43:37 Tower kernel:   0 base 0000000000 mask 7E00000000 write-back
Mar 25 09:43:37 Tower kernel:   1 base 0200000000 mask 7FE0000000 write-back
Mar 25 09:43:37 Tower kernel:   2 base 00E0000000 mask 7FE0000000 uncachable
Mar 25 09:43:37 Tower kernel:   3 base 00D0000000 mask 7FF0000000 uncachable
Mar 25 09:43:37 Tower kernel:   4 base 00CF000000 mask 7FFF000000 uncachable
Mar 25 09:43:37 Tower kernel:   5 base 021FE00000 mask 7FFFE00000 uncachable
Mar 25 09:43:37 Tower kernel:   6 disabled
Mar 25 09:43:37 Tower kernel:   7 disabled
Mar 25 09:43:37 Tower kernel:   8 disabled
Mar 25 09:43:37 Tower kernel:   9 disabled
Mar 25 09:43:37 Tower kernel: x86 PAT enabled: cpu 0, old 0x7040600070406, new 0x7010600070106
Mar 25 09:43:37 Tower kernel: e820: update [mem 0xcf000000-0xffffffff] usable ==> reserved
Mar 25 09:43:37 Tower kernel: found SMP MP-table at [mem 0x000fd6d0-0x000fd6df] mapped at [c00fd6d0]
Mar 25 09:43:37 Tower kernel: initial memory mapped: [mem 0x00000000-0x01bfffff]
Mar 25 09:43:37 Tower kernel: Base memory trampoline at [c0099000] 99000 size 16384
Mar 25 09:43:37 Tower kernel: init_memory_mapping: [mem 0x00000000-0x000fffff]
Mar 25 09:43:37 Tower kernel:  [mem 0x00000000-0x000fffff] page 4k
Mar 25 09:43:37 Tower kernel: init_memory_mapping: [mem 0x37800000-0x379fffff]
Mar 25 09:43:37 Tower kernel:  [mem 0x37800000-0x379fffff] page 2M
Mar 25 09:43:37 Tower kernel: init_memory_mapping: [mem 0x34000000-0x377fffff]
Mar 25 09:43:37 Tower kernel:  [mem 0x34000000-0x377fffff] page 2M
Mar 25 09:43:37 Tower kernel: init_memory_mapping: [mem 0x00100000-0x33ffffff]
Mar 25 09:43:37 Tower kernel:  [mem 0x00100000-0x001fffff] page 4k
Mar 25 09:43:37 Tower kernel:  [mem 0x00200000-0x33ffffff] page 2M
Mar 25 09:43:37 Tower kernel: init_memory_mapping: [mem 0x37a00000-0x37bfdfff]
Mar 25 09:43:37 Tower kernel:  [mem 0x37a00000-0x37bfdfff] page 4k
Mar 25 09:43:37 Tower kernel: BRK [0x0162b000, 0x0162bfff] PGTABLE
Mar 25 09:43:37 Tower kernel: RAMDISK: [mem 0x7e010000-0x7fffefff]
Mar 25 09:43:37 Tower kernel: Allocated new RAMDISK: [mem 0x35c0f000-0x37bfd763]
Mar 25 09:43:37 Tower kernel: Move RAMDISK from [mem 0x7e010000-0x7fffe763] to [mem 0x35c0f000-0x37bfd763]
Mar 25 09:43:37 Tower kernel: ACPI: RSDP 000f0490 00024 (v02 ALASKA)
Mar 25 09:43:37 Tower kernel: ACPI: XSDT cc994080 00074 (v01 ALASKA    A M I 01072009 AMI  00010013)
Mar 25 09:43:37 Tower kernel: ACPI: FACP cc99f9c0 0010C (v05 ALASKA    A M I 01072009 AMI  00010013)
Mar 25 09:43:37 Tower kernel: ACPI: DSDT cc994188 0B838 (v02 ALASKA    A M I 00000021 INTL 20091112)
Mar 25 09:43:37 Tower kernel: ACPI: FACS cce3d080 00040
Mar 25 09:43:37 Tower kernel: ACPI: APIC cc99fad0 00072 (v03 ALASKA    A M I 01072009 AMI  00010013)
Mar 25 09:43:37 Tower kernel: ACPI: FPDT cc99fb48 00044 (v01 ALASKA    A M I 01072009 AMI  00010013)
Mar 25 09:43:37 Tower kernel: ACPI: SSDT cc99fb90 00539 (v01  PmRef  Cpu0Ist 00003000 INTL 20051117)
Mar 25 09:43:37 Tower kernel: ACPI: SSDT cc9a00d0 00AD8 (v01  PmRef    CpuPm 00003000 INTL 20051117)
Mar 25 09:43:37 Tower kernel: ACPI: MCFG cc9a0ba8 0003C (v01 ALASKA    A M I 01072009 MSFT 00000097)
Mar 25 09:43:37 Tower kernel: ACPI: HPET cc9a0be8 00038 (v01 ALASKA    A M I 01072009 AMI. 00000005)
Mar 25 09:43:37 Tower kernel: ACPI: SSDT cc9a0c20 0036D (v01 SataRe SataTabl 00001000 INTL 20091112)
Mar 25 09:43:37 Tower kernel: ACPI: SSDT cc9a0f90 03248 (v01 SaSsdt  SaSsdt  00003000 INTL 20091112)
Mar 25 09:43:37 Tower kernel: ACPI: BGRT cc9a4230 00038 (v00 ALASKA    A M I 01072009 AMI  00010013)
Mar 25 09:43:37 Tower kernel: ACPI: Local APIC address 0xfee00000
Mar 25 09:43:37 Tower kernel: 7810MB HIGHMEM available.
Mar 25 09:43:37 Tower kernel: 891MB LOWMEM available.
Mar 25 09:43:37 Tower kernel:   mapped low ram: 0 - 37bfe000
Mar 25 09:43:37 Tower kernel:   low ram: 0 - 37bfe000
Mar 25 09:43:37 Tower kernel: BRK [0x0162c000, 0x0162cfff] PGTABLE
Mar 25 09:43:37 Tower kernel: Zone ranges:
Mar 25 09:43:37 Tower kernel:   DMA      [mem 0x00001000-0x00ffffff]
Mar 25 09:43:37 Tower kernel:   Normal   [mem 0x01000000-0x37bfdfff]
Mar 25 09:43:37 Tower kernel:   HighMem  [mem 0x37bfe000-0x1fdfffff]
Mar 25 09:43:37 Tower kernel: Movable zone start for each node
Mar 25 09:43:37 Tower kernel: Early memory node ranges
Mar 25 09:43:37 Tower kernel:   node   0: [mem 0x00001000-0x0009cfff]
Mar 25 09:43:37 Tower kernel:   node   0: [mem 0x00100000-0xba13ffff]
Mar 25 09:43:37 Tower kernel:   node   0: [mem 0xba147000-0xba588fff]
Mar 25 09:43:37 Tower kernel:   node   0: [mem 0xba977000-0xcc78bfff]
Mar 25 09:43:37 Tower kernel:   node   0: [mem 0xcdfff000-0xcdffffff]
Mar 25 09:43:37 Tower kernel:   node   0: [mem 0x00000000-0x1fdfffff]
Mar 25 09:43:37 Tower kernel: On node 0 totalpages: 2015540
Mar 25 09:43:37 Tower kernel: free_area_init_node: node 0, pgdat c15698c0, node_mem_map f180f020
Mar 25 09:43:37 Tower kernel:   DMA zone: 32 pages used for memmap
Mar 25 09:43:37 Tower kernel:   DMA zone: 0 pages reserved
Mar 25 09:43:37 Tower kernel:   DMA zone: 3996 pages, LIFO batch:0
Mar 25 09:43:37 Tower kernel:   Normal zone: 1752 pages used for memmap
Mar 25 09:43:37 Tower kernel:   Normal zone: 224254 pages, LIFO batch:31
Mar 25 09:43:37 Tower kernel:   HighMem zone: 15621 pages used for memmap
Mar 25 09:43:37 Tower kernel:   HighMem zone: 1787290 pages, LIFO batch:31
Mar 25 09:43:37 Tower kernel: Using APIC driver default
Mar 25 09:43:37 Tower kernel: ACPI: PM-Timer IO Port: 0x1808
Mar 25 09:43:37 Tower kernel: ACPI: Local APIC address 0xfee00000
Mar 25 09:43:37 Tower kernel: ACPI: LAPIC (acpi_id[0x01] lapic_id[0x00] enabled)
Mar 25 09:43:37 Tower kernel: ACPI: LAPIC (acpi_id[0x02] lapic_id[0x02] enabled)
Mar 25 09:43:37 Tower logger: /etc/rc.d/rc.inet1:  Polling for DHCP server on interface eth0:
Mar 25 09:43:37 Tower kernel: ACPI: LAPIC (acpi_id[0x03] lapic_id[0x01] enabled)
Mar 25 09:43:37 Tower kernel: ACPI: LAPIC (acpi_id[0x04] lapic_id[0x03] enabled)
Mar 25 09:43:37 Tower kernel: ACPI: LAPIC_NMI (acpi_id[0xff] high edge lint[0x1])
Mar 25 09:43:37 Tower kernel: ACPI: IOAPIC (id[0x02] address[0xfec00000] gsi_base[0])
Mar 25 09:43:37 Tower kernel: IOAPIC[0]: apic_id 2, version 32, address 0xfec00000, GSI 0-23
Mar 25 09:43:37 Tower kernel: ACPI: INT_SRC_OVR (bus 0 bus_irq 0 global_irq 2 dfl dfl)
Mar 25 09:43:37 Tower kernel: ACPI: INT_SRC_OVR (bus 0 bus_irq 9 global_irq 9 high level)
Mar 25 09:43:37 Tower kernel: ACPI: IRQ0 used by override.
Mar 25 09:43:37 Tower kernel: ACPI: IRQ2 used by override.
Mar 25 09:43:37 Tower kernel: ACPI: IRQ9 used by override.
Mar 25 09:43:37 Tower kernel: Using ACPI (MADT) for SMP configuration information
Mar 25 09:43:37 Tower kernel: ACPI: HPET id: 0x8086a701 base: 0xfed00000
Mar 25 09:43:37 Tower kernel: smpboot: Allowing 4 CPUs, 0 hotplug CPUs
Mar 25 09:43:37 Tower kernel: nr_irqs_gsi: 40
Mar 25 09:43:37 Tower kernel: e820: [mem 0xdf200000-0xf7ffffff] available for PCI devices
Mar 25 09:43:37 Tower kernel: setup_percpu: NR_CPUS:8 nr_cpumask_bits:8 nr_cpu_ids:4 nr_node_ids:1
Mar 25 09:43:37 Tower kernel: PERCPU: Embedded 12 pages/cpu @f17cd000 s26048 r0 d23104 u49152
Mar 25 09:43:37 Tower kernel: pcpu-alloc: s26048 r0 d23104 u49152 alloc=12*4096
Mar 25 09:43:37 Tower kernel: pcpu-alloc: [0] 0 [0] 1 [0] 2 [0] 3 
Mar 25 09:43:37 Tower kernel: Built 1 zonelists in Zone order, mobility grouping on.  Total pages: 2013756
Mar 25 09:43:37 Tower kernel: Kernel command line: initrd=/bzroot BOOT_IMAGE=/bzimage 
Mar 25 09:43:37 Tower kernel: PID hash table entries: 4096 (order: 2, 16384 bytes)
Mar 25 09:43:37 Tower kernel: Dentry cache hash table entries: 131072 (order: 7, 524288 bytes)
Mar 25 09:43:37 Tower kernel: Inode-cache hash table entries: 65536 (order: 6, 262144 bytes)
Mar 25 09:43:37 Tower kernel: __ex_table already sorted, skipping sort
Mar 25 09:43:37 Tower kernel: Initializing CPU#0
Mar 25 09:43:37 Tower kernel: xsave: enabled xstate_bv 0x7, cntxt size 0x340
Mar 25 09:43:37 Tower kernel: Initializing HighMem for node 0 (00037bfe:0021fe00)
Mar 25 09:43:37 Tower kernel: Memory: 7952368k/8910848k available (4106k kernel code, 109792k reserved, 1456k data, 388k init, 7149160k highmem)
Mar 25 09:43:37 Tower kernel: virtual kernel memory layout:
Mar 25 09:43:37 Tower kernel:     fixmap  : 0xfff17000 - 0xfffff000   ( 928 kB)
Mar 25 09:43:37 Tower kernel:     pkmap   : 0xffc00000 - 0xffe00000   (2048 kB)
Mar 25 09:43:37 Tower kernel:     vmalloc : 0xf83fe000 - 0xffbfe000   ( 120 MB)
Mar 25 09:43:37 Tower kernel:     lowmem  : 0xc0000000 - 0xf7bfe000   ( 891 MB)
Mar 25 09:43:37 Tower kernel:       .init : 0xc156f000 - 0xc15d0000   ( 388 kB)
Mar 25 09:43:37 Tower kernel:       .data : 0xc1402b0c - 0xc156ed40   (1456 kB)
Mar 25 09:43:37 Tower kernel:       .text : 0xc1000000 - 0xc1402b0c   (4106 kB)
Mar 25 09:43:37 Tower kernel: Checking if this processor honours the WP bit even in supervisor mode...Ok.
Mar 25 09:43:37 Tower kernel: SLUB: Genslabs=15, HWalign=64, Order=0-3, MinObjects=0, CPUs=4, Nodes=1
Mar 25 09:43:37 Tower kernel: Hierarchical RCU implementation.
Mar 25 09:43:37 Tower kernel: ^IRCU restricting CPUs from NR_CPUS=8 to nr_cpu_ids=4.
Mar 25 09:43:37 Tower kernel: NR_IRQS:2304 nr_irqs:712 16
Mar 25 09:43:37 Tower kernel: CPU 0 irqstacks, hard=f1008000 soft=f100a000
Mar 25 09:43:37 Tower kernel: Console: colour VGA+ 80x25
Mar 25 09:43:37 Tower kernel: console [tty0] enabled
Mar 25 09:43:37 Tower kernel: hpet clockevent registered
Mar 25 09:43:37 Tower kernel: tsc: Fast TSC calibration using PIT
Mar 25 09:43:37 Tower kernel: tsc: Detected 3599.694 MHz processor
Mar 25 09:43:37 Tower kernel: Calibrating delay loop (skipped), value calculated using timer frequency.. 7199.38 BogoMIPS (lpj=35996940)
Mar 25 09:43:37 Tower kernel: pid_max: default: 32768 minimum: 301
Mar 25 09:43:37 Tower kernel: Mount-cache hash table entries: 512
Mar 25 09:43:37 Tower kernel: CPU: Physical Processor ID: 0
Mar 25 09:43:37 Tower kernel: CPU: Processor Core ID: 0
Mar 25 09:43:37 Tower kernel: ENERGY_PERF_BIAS: Set to 'normal', was 'performance'
Mar 25 09:43:37 Tower kernel: ENERGY_PERF_BIAS: View and update with x86_energy_perf_policy(8)
Mar 25 09:43:37 Tower kernel: mce: CPU supports 7 MCE banks
Mar 25 09:43:37 Tower kernel: CPU0: Thermal monitoring enabled (TM1)
Mar 25 09:43:37 Tower kernel: Last level iTLB entries: 4KB 0, 2MB 0, 4MB 0
Mar 25 09:43:37 Tower kernel: Last level dTLB entries: 4KB 64, 2MB 0, 4MB 0
Mar 25 09:43:37 Tower kernel: tlb_flushall_shift: 6
Mar 25 09:43:37 Tower kernel: Freeing SMP alternatives: 24k freed
Mar 25 09:43:37 Tower kernel: ACPI: Core revision 20130117
Mar 25 09:43:37 Tower kernel: ACPI: All ACPI Tables successfully acquired
Mar 25 09:43:37 Tower kernel: Enabling APIC mode:  Flat.  Using 1 I/O APICs
Mar 25 09:43:37 Tower kernel: ..TIMER: vector=0x30 apic1=0 pin1=2 apic2=-1 pin2=-1
Mar 25 09:43:37 Tower kernel: smpboot: CPU0: Intel(R) Core(TM) i3-4340 CPU @ 3.60GHz (fam: 06, model: 3c, stepping: 03)
Mar 25 09:43:37 Tower kernel: TSC deadline timer enabled
Mar 25 09:43:37 Tower kernel: Performance Events: no PEBS fmt2+, generic architected perfmon, Intel PMU driver.
Mar 25 09:43:37 Tower kernel: ... version:                3
Mar 25 09:43:37 Tower kernel: ... bit width:              48
Mar 25 09:43:37 Tower kernel: ... generic registers:      4
Mar 25 09:43:37 Tower kernel: ... value mask:             0000ffffffffffff
Mar 25 09:43:37 Tower kernel: ... max period:             000000007fffffff
Mar 25 09:43:37 Tower kernel: ... fixed-purpose events:   3
Mar 25 09:43:37 Tower kernel: ... event mask:             000000070000000f
Mar 25 09:43:37 Tower kernel: CPU 1 irqstacks, hard=f10ca000 soft=f10cc000
Mar 25 09:43:37 Tower kernel: Initializing CPU#1
Mar 25 09:43:37 Tower kernel: smpboot: Booting Node   0, Processors  #1
Mar 25 09:43:37 Tower kernel: CPU 2 irqstacks, hard=f10e6000 soft=f10e8000
Mar 25 09:43:37 Tower kernel: Initializing CPU#2
Mar 25 09:43:37 Tower kernel:  #2
Mar 25 09:43:37 Tower kernel: CPU 3 irqstacks, hard=f10fa000 soft=f10fc000
Mar 25 09:43:37 Tower kernel:  #3 OK
Mar 25 09:43:37 Tower kernel: Initializing CPU#3
Mar 25 09:43:37 Tower kernel: Brought up 4 CPUs
Mar 25 09:43:37 Tower kernel: smpboot: Total of 4 processors activated (28797.55 BogoMIPS)
Mar 25 09:43:37 Tower kernel: PM: Registering ACPI NVS region [mem 0xba140000-0xba146fff] (28672 bytes)
Mar 25 09:43:37 Tower kernel: PM: Registering ACPI NVS region [mem 0xcc9a5000-0xcce3efff] (4825088 bytes)
Mar 25 09:43:37 Tower kernel: xor: automatically using best checksumming function:
Mar 25 09:43:37 Tower kernel:    avx       : 31995.600 MB/sec
Mar 25 09:43:37 Tower kernel: NET: Registered protocol family 16
Mar 25 09:43:37 Tower kernel: ACPI FADT declares the system doesn't support PCIe ASPM, so disable it
Mar 25 09:43:37 Tower kernel: ACPI: bus type PCI registered
Mar 25 09:43:37 Tower kernel: PCI: MMCONFIG for domain 0000 [bus 00-3f] at [mem 0xf8000000-0xfbffffff] (base 0xf8000000)
Mar 25 09:43:37 Tower kernel: PCI: MMCONFIG at [mem 0xf8000000-0xfbffffff] reserved in E820
Mar 25 09:43:37 Tower kernel: PCI: Using MMCONFIG for extended config space
Mar 25 09:43:37 Tower kernel: PCI: Using configuration type 1 for base access
Mar 25 09:43:37 Tower kernel: bio: create slab <bio-0> at 0
Mar 25 09:43:37 Tower kernel: raid6: mmxx1     6753 MB/s
Mar 25 09:43:37 Tower kernel: raid6: mmxx2     7369 MB/s
Mar 25 09:43:37 Tower kernel: raid6: sse1x1    5769 MB/s
Mar 25 09:43:37 Tower kernel: raid6: sse1x2    6765 MB/s
Mar 25 09:43:37 Tower kernel: raid6: sse2x1   11526 MB/s
Mar 25 09:43:37 Tower kernel: raid6: sse2x2   13625 MB/s
Mar 25 09:43:37 Tower logger: /etc/rc.d/rc.inet1:  /sbin/dhcpcd -t 10 -h Tower -L eth0
Mar 25 09:43:37 Tower kernel: raid6: using algorithm sse2x2 (13625 MB/s)
Mar 25 09:43:37 Tower kernel: raid6: using ssse3x1 recovery algorithm
Mar 25 09:43:37 Tower kernel: ACPI: Added _OSI(Module Device)
Mar 25 09:43:37 Tower kernel: ACPI: Added _OSI(Processor Device)
Mar 25 09:43:37 Tower kernel: ACPI: Added _OSI(3.0 _SCP Extensions)
Mar 25 09:43:37 Tower kernel: ACPI: Added _OSI(Processor Aggregator Device)
Mar 25 09:43:37 Tower kernel: ACPI: EC: Look up EC in DSDT
Mar 25 09:43:37 Tower kernel: ACPI: Executed 1 blocks of module-level executable AML code
Mar 25 09:43:37 Tower kernel: [Firmware Bug]: ACPI: BIOS _OSI(Linux) query ignored
Mar 25 09:43:37 Tower kernel: ACPI: SSDT cc986c18 003D3 (v01  PmRef  Cpu0Cst 00003001 INTL 20051117)
Mar 25 09:43:37 Tower kernel: ACPI: Dynamic OEM Table Load:
Mar 25 09:43:37 Tower kernel: ACPI: SSDT   (null) 003D3 (v01  PmRef  Cpu0Cst 00003001 INTL 20051117)
Mar 25 09:43:37 Tower kernel: ACPI: SSDT cc986618 005AA (v01  PmRef    ApIst 00003000 INTL 20051117)
Mar 25 09:43:37 Tower kernel: ACPI: Dynamic OEM Table Load:
Mar 25 09:43:37 Tower kernel: ACPI: SSDT   (null) 005AA (v01  PmRef    ApIst 00003000 INTL 20051117)
Mar 25 09:43:37 Tower kernel: ACPI: SSDT cc985d98 00119 (v01  PmRef    ApCst 00003000 INTL 20051117)
Mar 25 09:43:37 Tower kernel: ACPI: Dynamic OEM Table Load:
Mar 25 09:43:37 Tower kernel: ACPI: SSDT   (null) 00119 (v01  PmRef    ApCst 00003000 INTL 20051117)
Mar 25 09:43:37 Tower kernel: ACPI: Interpreter enabled
Mar 25 09:43:37 Tower kernel: ACPI Exception: AE_NOT_FOUND, While evaluating Sleep State [\_S1_] (20130117/hwxface-568)
Mar 25 09:43:37 Tower kernel: ACPI Exception: AE_NOT_FOUND, While evaluating Sleep State [\_S2_] (20130117/hwxface-568)
Mar 25 09:43:37 Tower kernel: ACPI: (supports S0 S3 S5)
Mar 25 09:43:37 Tower kernel: ACPI: Using IOAPIC for interrupt routing
Mar 25 09:43:37 Tower kernel: PCI: Using host bridge windows from ACPI; if necessary, use "pci=nocrs" and report a bug
Mar 25 09:43:37 Tower kernel: ACPI: Power Resource [FN00] (off)
Mar 25 09:43:37 Tower kernel: ACPI: Power Resource [FN01] (off)
Mar 25 09:43:37 Tower kernel: ACPI: Power Resource [FN02] (off)
Mar 25 09:43:37 Tower kernel: ACPI: Power Resource [FN03] (off)
Mar 25 09:43:37 Tower kernel: ACPI: Power Resource [FN04] (off)
Mar 25 09:43:37 Tower kernel: ACPI: PCI Root Bridge [PCI0] (domain 0000 [bus 00-3e])
Mar 25 09:43:37 Tower kernel: PCI host bridge to bus 0000:00
Mar 25 09:43:37 Tower kernel: pci_bus 0000:00: root bus resource [bus 00-3e]
Mar 25 09:43:37 Tower kernel: pci_bus 0000:00: root bus resource [io  0x0000-0x0cf7]
Mar 25 09:43:37 Tower kernel: pci_bus 0000:00: root bus resource [io  0x0d00-0xffff]
Mar 25 09:43:37 Tower kernel: pci_bus 0000:00: root bus resource [mem 0x000a0000-0x000bffff]
Mar 25 09:43:37 Tower kernel: pci_bus 0000:00: root bus resource [mem 0x000d0000-0x000d3fff]
Mar 25 09:43:37 Tower kernel: pci_bus 0000:00: root bus resource [mem 0x000d4000-0x000d7fff]
Mar 25 09:43:37 Tower kernel: pci_bus 0000:00: root bus resource [mem 0x000d8000-0x000dbfff]
Mar 25 09:43:37 Tower kernel: pci_bus 0000:00: root bus resource [mem 0x000dc000-0x000dffff]
Mar 25 09:43:37 Tower kernel: pci_bus 0000:00: root bus resource [mem 0x000e0000-0x000e3fff]
Mar 25 09:43:37 Tower kernel: pci_bus 0000:00: root bus resource [mem 0x000e4000-0x000e7fff]
Mar 25 09:43:37 Tower kernel: pci_bus 0000:00: root bus resource [mem 0xdf200000-0xfeafffff]
Mar 25 09:43:37 Tower kernel: pci 0000:00:00.0: [8086:0c00] type 00 class 0x060000
Mar 25 09:43:37 Tower kernel: pci 0000:00:01.0: [8086:0c01] type 01 class 0x060400
Mar 25 09:43:37 Tower kernel: pci 0000:00:01.0: PME# supported from D0 D3hot D3cold
Mar 25 09:43:37 Tower kernel: pci 0000:00:02.0: [8086:0412] type 00 class 0x030000
Mar 25 09:43:37 Tower kernel: pci 0000:00:02.0: reg 10: [mem 0xf0000000-0xf03fffff 64bit]
Mar 25 09:43:37 Tower kernel: pci 0000:00:02.0: reg 18: [mem 0xe0000000-0xefffffff 64bit pref]
Mar 25 09:43:37 Tower kernel: pci 0000:00:02.0: reg 20: [io  0xf000-0xf03f]
Mar 25 09:43:37 Tower kernel: pci 0000:00:03.0: [8086:0c0c] type 00 class 0x040300
Mar 25 09:43:37 Tower kernel: pci 0000:00:03.0: reg 10: [mem 0xf0434000-0xf0437fff 64bit]
Mar 25 09:43:37 Tower kernel: pci 0000:00:14.0: [8086:8c31] type 00 class 0x0c0330
Mar 25 09:43:37 Tower kernel: pci 0000:00:14.0: reg 10: [mem 0xf0420000-0xf042ffff 64bit]
Mar 25 09:43:37 Tower kernel: pci 0000:00:14.0: PME# supported from D3hot D3cold
Mar 25 09:43:37 Tower kernel: pci 0000:00:14.0: System wakeup disabled by ACPI
Mar 25 09:43:37 Tower kernel: pci 0000:00:16.0: [8086:8c3a] type 00 class 0x078000
Mar 25 09:43:37 Tower kernel: pci 0000:00:16.0: reg 10: [mem 0xf0440000-0xf044000f 64bit]
Mar 25 09:43:37 Tower kernel: pci 0000:00:16.0: PME# supported from D0 D3hot D3cold
Mar 25 09:43:37 Tower kernel: pci 0000:00:19.0: [8086:153b] type 00 class 0x020000
Mar 25 09:43:37 Tower kernel: pci 0000:00:19.0: reg 10: [mem 0xf0400000-0xf041ffff]
Mar 25 09:43:37 Tower kernel: pci 0000:00:19.0: reg 14: [mem 0xf043d000-0xf043dfff]
Mar 25 09:43:37 Tower kernel: pci 0000:00:19.0: reg 18: [io  0xf080-0xf09f]
Mar 25 09:43:37 Tower kernel: pci 0000:00:19.0: PME# supported from D0 D3hot D3cold
Mar 25 09:43:37 Tower kernel: pci 0000:00:19.0: System wakeup disabled by ACPI
Mar 25 09:43:37 Tower kernel: pci 0000:00:1a.0: [8086:8c2d] type 00 class 0x0c0320
Mar 25 09:43:37 Tower kernel: pci 0000:00:1a.0: reg 10: [mem 0xf043c000-0xf043c3ff]
Mar 25 09:43:37 Tower kernel: pci 0000:00:1a.0: PME# supported from D0 D3hot D3cold
Mar 25 09:43:37 Tower kernel: pci 0000:00:1a.0: System wakeup disabled by ACPI
Mar 25 09:43:37 Tower kernel: pci 0000:00:1b.0: [8086:8c20] type 00 class 0x040300
Mar 25 09:43:37 Tower kernel: pci 0000:00:1b.0: reg 10: [mem 0xf0430000-0xf0433fff 64bit]
Mar 25 09:43:37 Tower kernel: pci 0000:00:1b.0: PME# supported from D0 D3hot D3cold
Mar 25 09:43:37 Tower kernel: pci 0000:00:1b.0: System wakeup disabled by ACPI
Mar 25 09:43:37 Tower kernel: pci 0000:00:1d.0: [8086:8c26] type 00 class 0x0c0320
Mar 25 09:43:37 Tower kernel: pci 0000:00:1d.0: reg 10: [mem 0xf043b000-0xf043b3ff]
Mar 25 09:43:37 Tower kernel: pci 0000:00:1d.0: PME# supported from D0 D3hot D3cold
Mar 25 09:43:37 Tower kernel: pci 0000:00:1d.0: System wakeup disabled by ACPI
Mar 25 09:43:37 Tower kernel: pci 0000:00:1f.0: [8086:8c4a] type 00 class 0x060100
Mar 25 09:43:37 Tower kernel: pci 0000:00:1f.2: [8086:8c02] type 00 class 0x010601
Mar 25 09:43:37 Tower kernel: pci 0000:00:1f.2: reg 10: [io  0xf0d0-0xf0d7]
Mar 25 09:43:37 Tower kernel: pci 0000:00:1f.2: reg 14: [io  0xf0c0-0xf0c3]
Mar 25 09:43:37 Tower kernel: pci 0000:00:1f.2: reg 18: [io  0xf0b0-0xf0b7]
Mar 25 09:43:37 Tower kernel: pci 0000:00:1f.2: reg 1c: [io  0xf0a0-0xf0a3]
Mar 25 09:43:37 Tower kernel: pci 0000:00:1f.2: reg 20: [io  0xf060-0xf07f]
Mar 25 09:43:37 Tower kernel: pci 0000:00:1f.2: reg 24: [mem 0xf043a000-0xf043a7ff]
Mar 25 09:43:37 Tower kernel: pci 0000:00:1f.2: PME# supported from D3hot
Mar 25 09:43:37 Tower kernel: pci 0000:00:1f.3: [8086:8c22] type 00 class 0x0c0500
Mar 25 09:43:37 Tower kernel: pci 0000:00:1f.3: reg 10: [mem 0xf0439000-0xf04390ff 64bit]
Mar 25 09:43:37 Tower kernel: pci 0000:00:1f.3: reg 20: [io  0xf040-0xf05f]
Mar 25 09:43:37 Tower kernel: pci 0000:00:01.0: PCI bridge to [bus 01]
Mar 25 09:43:37 Tower kernel: pci_bus 0000:00: on NUMA node 0
Mar 25 09:43:37 Tower kernel: acpi PNP0A08:00: Requesting ACPI _OSC control (0x1d)
Mar 25 09:43:37 Tower kernel: acpi PNP0A08:00: ACPI _OSC control (0x18) granted
Mar 25 09:43:37 Tower kernel: ACPI: PCI Interrupt Link [LNKA] (IRQs 3 4 5 6 7 10 *11 12 14 15)
Mar 25 09:43:37 Tower kernel: ACPI: PCI Interrupt Link [LNKB] (IRQs 3 4 5 6 7 10 11 12 14 15) *0, disabled.
Mar 25 09:43:37 Tower kernel: ACPI: PCI Interrupt Link [LNKC] (IRQs 3 4 *5 6 7 10 11 12 14 15)
Mar 25 09:43:37 Tower kernel: ACPI: PCI Interrupt Link [LNKD] (IRQs 3 4 5 6 7 10 11 12 14 *15)
Mar 25 09:43:37 Tower kernel: ACPI: PCI Interrupt Link [LNKE] (IRQs *3 4 5 6 7 10 11 12 14 15)
Mar 25 09:43:37 Tower kernel: ACPI: PCI Interrupt Link [LNKF] (IRQs 3 4 5 6 7 *10 11 12 14 15)
Mar 25 09:43:37 Tower kernel: ACPI: PCI Interrupt Link [LNKG] (IRQs 3 4 5 6 *7 10 11 12 14 15)
Mar 25 09:43:37 Tower kernel: ACPI: PCI Interrupt Link [LNKH] (IRQs 3 *4 5 6 7 10 11 12 14 15)
Mar 25 09:43:37 Tower kernel: ACPI: Enabled 4 GPEs in block 00 to 3F
Mar 25 09:43:37 Tower kernel: acpi root: \_SB_.PCI0 notify handler is installed
Mar 25 09:43:37 Tower kernel: Found 1 acpi root devices
Mar 25 09:43:37 Tower kernel: ACPI: No dock devices found.
Mar 25 09:43:37 Tower kernel: vgaarb: device added: PCI:0000:00:02.0,decodes=io+mem,owns=io+mem,locks=none
Mar 25 09:43:37 Tower kernel: vgaarb: loaded
Mar 25 09:43:37 Tower kernel: vgaarb: bridge control possible 0000:00:02.0
Mar 25 09:43:37 Tower kernel: SCSI subsystem initialized
Mar 25 09:43:37 Tower kernel: ACPI: bus type ATA registered
Mar 25 09:43:37 Tower kernel: libata version 3.00 loaded.
Mar 25 09:43:37 Tower kernel: ACPI: bus type USB registered
Mar 25 09:43:37 Tower kernel: usbcore: registered new interface driver usbfs
Mar 25 09:43:37 Tower kernel: usbcore: registered new interface driver hub
Mar 25 09:43:37 Tower kernel: usbcore: registered new device driver usb
Mar 25 09:43:37 Tower kernel: PCI: Using ACPI for IRQ routing
Mar 25 09:43:37 Tower kernel: PCI: pci_cache_line_size set to 64 bytes
Mar 25 09:43:37 Tower kernel: e820: reserve RAM buffer [mem 0x0009d800-0x0009ffff]
Mar 25 09:43:37 Tower kernel: e820: reserve RAM buffer [mem 0xba140000-0xbbffffff]
Mar 25 09:43:37 Tower kernel: e820: reserve RAM buffer [mem 0xba589000-0xbbffffff]
Mar 25 09:43:37 Tower kernel: e820: reserve RAM buffer [mem 0xcc78c000-0xcfffffff]
Mar 25 09:43:37 Tower kernel: e820: reserve RAM buffer [mem 0xce000000-0xcfffffff]
Mar 25 09:43:37 Tower kernel: e820: reserve RAM buffer [mem 0x21fe00000-0x21fffffff]
Mar 25 09:43:37 Tower kernel: Switching to clocksource hpet
Mar 25 09:43:37 Tower kernel: pnp: PnP ACPI init
Mar 25 09:43:37 Tower kernel: ACPI: bus type PNP registered
Mar 25 09:43:37 Tower kernel: system 00:00: [mem 0xfed40000-0xfed44fff] has been reserved
Mar 25 09:43:37 Tower kernel: system 00:00: Plug and Play ACPI device, IDs PNP0c01 (active)
Mar 25 09:43:37 Tower kernel: pnp 00:01: [dma 4]
Mar 25 09:43:37 Tower kernel: pnp 00:01: Plug and Play ACPI device, IDs PNP0200 (active)
Mar 25 09:43:37 Tower kernel: pnp 00:02: Plug and Play ACPI device, IDs INT0800 (active)
Mar 25 09:43:37 Tower kernel: pnp 00:03: Plug and Play ACPI device, IDs PNP0103 (active)
Mar 25 09:43:37 Tower kernel: system 00:04: [io  0x0680-0x069f] has been reserved
Mar 25 09:43:37 Tower kernel: system 00:04: [io  0xffff] has been reserved
Mar 25 09:43:37 Tower last message repeated 2 times
Mar 25 09:43:37 Tower kernel: system 00:04: [io  0x1c00-0x1cfe] has been reserved
Mar 25 09:43:37 Tower kernel: system 00:04: [io  0x1d00-0x1dfe] has been reserved
Mar 25 09:43:37 Tower kernel: system 00:04: [io  0x1e00-0x1efe] has been reserved
Mar 25 09:43:37 Tower kernel: system 00:04: [io  0x1f00-0x1ffe] has been reserved
Mar 25 09:43:37 Tower kernel: system 00:04: [io  0x1800-0x18fe] has been reserved
Mar 25 09:43:37 Tower kernel: system 00:04: [io  0x164e-0x164f] has been reserved
Mar 25 09:43:37 Tower kernel: system 00:04: Plug and Play ACPI device, IDs PNP0c02 (active)
Mar 25 09:43:37 Tower kernel: pnp 00:05: Plug and Play ACPI device, IDs PNP0b00 (active)
Mar 25 09:43:37 Tower kernel: system 00:06: [io  0x1854-0x1857] has been reserved
Mar 25 09:43:37 Tower kernel: system 00:06: Plug and Play ACPI device, IDs INT3f0d PNP0c02 (active)
Mar 25 09:43:37 Tower kernel: system 00:07: [io  0x0290-0x029f] has been reserved
Mar 25 09:43:37 Tower kernel: system 00:07: Plug and Play ACPI device, IDs PNP0c02 (active)
Mar 25 09:43:37 Tower kernel: system 00:08: [io  0x04d0-0x04d1] has been reserved
Mar 25 09:43:37 Tower kernel: system 00:08: Plug and Play ACPI device, IDs PNP0c02 (active)
Mar 25 09:43:37 Tower kernel: pnp 00:09: Plug and Play ACPI device, IDs PNP0c04 (active)
Mar 25 09:43:37 Tower kernel: pnp 00:0a: Plug and Play ACPI device, IDs PNP0303 PNP030b (active)
Mar 25 09:43:37 Tower kernel: system 00:0b: [mem 0xfed1c000-0xfed1ffff] has been reserved
Mar 25 09:43:37 Tower kernel: system 00:0b: [mem 0xfed10000-0xfed17fff] has been reserved
Mar 25 09:43:37 Tower kernel: system 00:0b: [mem 0xfed18000-0xfed18fff] has been reserved
Mar 25 09:43:37 Tower kernel: system 00:0b: [mem 0xfed19000-0xfed19fff] has been reserved
Mar 25 09:43:37 Tower kernel: system 00:0b: [mem 0xf8000000-0xfbffffff] has been reserved
Mar 25 09:43:37 Tower kernel: system 00:0b: [mem 0xfed20000-0xfed3ffff] has been reserved
Mar 25 09:43:37 Tower kernel: system 00:0b: [mem 0xfed90000-0xfed93fff] has been reserved
Mar 25 09:43:37 Tower kernel: system 00:0b: [mem 0xfed45000-0xfed8ffff] has been reserved
Mar 25 09:43:37 Tower kernel: system 00:0b: [mem 0xff000000-0xffffffff] has been reserved
Mar 25 09:43:37 Tower kernel: system 00:0b: [mem 0xfee00000-0xfeefffff] could not be reserved
Mar 25 09:43:37 Tower kernel: system 00:0b: [mem 0xf7fef000-0xf7feffff] has been reserved
Mar 25 09:43:37 Tower kernel: system 00:0b: [mem 0xf7ff0000-0xf7ff0fff] has been reserved
Mar 25 09:43:37 Tower kernel: system 00:0b: Plug and Play ACPI device, IDs PNP0c02 (active)
Mar 25 09:43:37 Tower kernel: pnp: PnP ACPI: found 12 devices
Mar 25 09:43:37 Tower kernel: ACPI: bus type PNP unregistered
Mar 25 09:43:37 Tower kernel: pci 0000:00:01.0: PCI bridge to [bus 01]
Mar 25 09:43:37 Tower kernel: pci_bus 0000:00: resource 4 [io  0x0000-0x0cf7]
Mar 25 09:43:37 Tower kernel: pci_bus 0000:00: resource 5 [io  0x0d00-0xffff]
Mar 25 09:43:37 Tower kernel: pci_bus 0000:00: resource 6 [mem 0x000a0000-0x000bffff]
Mar 25 09:43:37 Tower kernel: pci_bus 0000:00: resource 7 [mem 0x000d0000-0x000d3fff]
Mar 25 09:43:37 Tower kernel: pci_bus 0000:00: resource 8 [mem 0x000d4000-0x000d7fff]
Mar 25 09:43:37 Tower kernel: pci_bus 0000:00: resource 9 [mem 0x000d8000-0x000dbfff]
Mar 25 09:43:37 Tower kernel: pci_bus 0000:00: resource 10 [mem 0x000dc000-0x000dffff]
Mar 25 09:43:37 Tower kernel: pci_bus 0000:00: resource 11 [mem 0x000e0000-0x000e3fff]
Mar 25 09:43:37 Tower kernel: pci_bus 0000:00: resource 12 [mem 0x000e4000-0x000e7fff]
Mar 25 09:43:37 Tower kernel: pci_bus 0000:00: resource 13 [mem 0xdf200000-0xfeafffff]
Mar 25 09:43:37 Tower kernel: NET: Registered protocol family 2
Mar 25 09:43:37 Tower kernel: TCP established hash table entries: 8192 (order: 4, 65536 bytes)
Mar 25 09:43:37 Tower kernel: TCP bind hash table entries: 8192 (order: 4, 65536 bytes)
Mar 25 09:43:37 Tower kernel: TCP: Hash tables configured (established 8192 bind 8192)
Mar 25 09:43:37 Tower kernel: TCP: reno registered
Mar 25 09:43:37 Tower kernel: UDP hash table entries: 512 (order: 2, 16384 bytes)
Mar 25 09:43:37 Tower kernel: UDP-Lite hash table entries: 512 (order: 2, 16384 bytes)
Mar 25 09:43:37 Tower kernel: NET: Registered protocol family 1
Mar 25 09:43:37 Tower kernel: RPC: Registered named UNIX socket transport module.
Mar 25 09:43:37 Tower kernel: RPC: Registered udp transport module.
Mar 25 09:43:37 Tower kernel: RPC: Registered tcp transport module.
Mar 25 09:43:37 Tower kernel: RPC: Registered tcp NFSv4.1 backchannel transport module.
Mar 25 09:43:37 Tower kernel: pci 0000:00:02.0: Boot video device
Mar 25 09:43:37 Tower kernel: PCI: CLS 64 bytes, default 64
Mar 25 09:43:37 Tower kernel: Unpacking initramfs...
Mar 25 09:43:37 Tower kernel: Freeing initrd memory: 32700k freed
Mar 25 09:43:37 Tower kernel: bounce pool size: 64 pages
Mar 25 09:43:37 Tower kernel: Installing knfsd (copyright (C) 1996 okir@monad.swb.de).
Mar 25 09:43:37 Tower kernel: fuse init (API version 7.21)
Mar 25 09:43:37 Tower kernel: Btrfs loaded
Mar 25 09:43:37 Tower kernel: msgmni has been set to 1632
Mar 25 09:43:37 Tower kernel: Block layer SCSI generic (bsg) driver version 0.4 loaded (major 254)
Mar 25 09:43:37 Tower kernel: io scheduler noop registered (default)
Mar 25 09:43:37 Tower kernel: io scheduler deadline registered
Mar 25 09:43:37 Tower kernel: io scheduler cfq registered
Mar 25 09:43:37 Tower kernel: pcieport 0000:00:01.0: irq 40 for MSI/MSI-X
Mar 25 09:43:37 Tower kernel: intel_idle: MWAIT substates: 0x42120
Mar 25 09:43:37 Tower kernel: intel_idle: v0.4 model 0x3C
Mar 25 09:43:37 Tower kernel: intel_idle: lapic_timer_reliable_states 0xffffffff
Mar 25 09:43:37 Tower kernel: input: Power Button as /devices/LNXSYSTM:00/LNXSYBUS:00/PNP0C0C:00/input/input0
Mar 25 09:43:37 Tower kernel: ACPI: Power Button [PWRB]
Mar 25 09:43:37 Tower kernel: input: Power Button as /devices/LNXSYSTM:00/LNXPWRBN:00/input/input1
Mar 25 09:43:37 Tower kernel: ACPI: Power Button [PWRF]
Mar 25 09:43:37 Tower kernel: ACPI: Fan [FAN0] (off)
Mar 25 09:43:37 Tower kernel: ACPI: Fan [FAN1] (off)
Mar 25 09:43:37 Tower kernel: ACPI: Fan [FAN2] (off)
Mar 25 09:43:37 Tower kernel: ACPI: Fan [FAN3] (off)
Mar 25 09:43:37 Tower kernel: ACPI: Fan [FAN4] (off)
Mar 25 09:43:37 Tower kernel: ACPI: Requesting acpi_cpufreq
Mar 25 09:43:37 Tower kernel: thermal LNXTHERM:00: registered as thermal_zone0
Mar 25 09:43:37 Tower kernel: ACPI: Thermal Zone [TZ00] (28 C)
Mar 25 09:43:37 Tower kernel: thermal LNXTHERM:01: registered as thermal_zone1
Mar 25 09:43:37 Tower kernel: ACPI: Thermal Zone [TZ01] (30 C)
Mar 25 09:43:37 Tower kernel: Serial: 8250/16550 driver, 1 ports, IRQ sharing disabled
Mar 25 09:43:37 Tower kernel: lp: driver loaded but no devices found
Mar 25 09:43:37 Tower kernel: Real Time Clock Driver v1.12b
Mar 25 09:43:37 Tower kernel: Hangcheck: starting hangcheck timer 0.9.1 (tick is 180 seconds, margin is 60 seconds).
Mar 25 09:43:37 Tower kernel: Hangcheck: Using getrawmonotonic().
Mar 25 09:43:37 Tower kernel: loop: module loaded
Mar 25 09:43:37 Tower kernel: Uniform Multi-Platform E-IDE driver
Mar 25 09:43:37 Tower kernel: ehci_hcd: USB 2.0 'Enhanced' Host Controller (EHCI) Driver
Mar 25 09:43:37 Tower kernel: ehci-pci: EHCI PCI platform driver
Mar 25 09:43:37 Tower kernel: ehci-pci 0000:00:1a.0: setting latency timer to 64
Mar 25 09:43:37 Tower kernel: ehci-pci 0000:00:1a.0: EHCI Host Controller
Mar 25 09:43:37 Tower kernel: ehci-pci 0000:00:1a.0: new USB bus registered, assigned bus number 1
Mar 25 09:43:37 Tower kernel: ehci-pci 0000:00:1a.0: debug port 2
Mar 25 09:43:37 Tower kernel: ehci-pci 0000:00:1a.0: cache line size of 64 is not supported
Mar 25 09:43:37 Tower kernel: ehci-pci 0000:00:1a.0: irq 16, io mem 0xf043c000
Mar 25 09:43:37 Tower kernel: ehci-pci 0000:00:1a.0: USB 2.0 started, EHCI 1.00
Mar 25 09:43:37 Tower kernel: hub 1-0:1.0: USB hub found
Mar 25 09:43:37 Tower kernel: hub 1-0:1.0: 2 ports detected
Mar 25 09:43:37 Tower kernel: ehci-pci 0000:00:1d.0: setting latency timer to 64
Mar 25 09:43:37 Tower kernel: ehci-pci 0000:00:1d.0: EHCI Host Controller
Mar 25 09:43:37 Tower kernel: ehci-pci 0000:00:1d.0: new USB bus registered, assigned bus number 2
Mar 25 09:43:37 Tower kernel: ehci-pci 0000:00:1d.0: debug port 2
Mar 25 09:43:37 Tower kernel: ehci-pci 0000:00:1d.0: cache line size of 64 is not supported
Mar 25 09:43:37 Tower kernel: ehci-pci 0000:00:1d.0: irq 23, io mem 0xf043b000
Mar 25 09:43:37 Tower kernel: ehci-pci 0000:00:1d.0: USB 2.0 started, EHCI 1.00
Mar 25 09:43:37 Tower kernel: hub 2-0:1.0: USB hub found
Mar 25 09:43:37 Tower kernel: hub 2-0:1.0: 2 ports detected
Mar 25 09:43:37 Tower kernel: ohci_hcd: USB 1.1 'Open' Host Controller (OHCI) Driver
Mar 25 09:43:37 Tower kernel: uhci_hcd: USB Universal Host Controller Interface driver
Mar 25 09:43:37 Tower kernel: xhci_hcd 0000:00:14.0: setting latency timer to 64
Mar 25 09:43:37 Tower kernel: xhci_hcd 0000:00:14.0: xHCI Host Controller
Mar 25 09:43:37 Tower kernel: xhci_hcd 0000:00:14.0: new USB bus registered, assigned bus number 3
Mar 25 09:43:37 Tower kernel: xhci_hcd 0000:00:14.0: cache line size of 64 is not supported
Mar 25 09:43:37 Tower kernel: xhci_hcd 0000:00:14.0: irq 41 for MSI/MSI-X
Mar 25 09:43:37 Tower kernel: xHCI xhci_add_endpoint called for root hub
Mar 25 09:43:37 Tower kernel: xHCI xhci_check_bandwidth called for root hub
Mar 25 09:43:37 Tower kernel: hub 3-0:1.0: USB hub found
Mar 25 09:43:37 Tower kernel: hub 3-0:1.0: 14 ports detected
Mar 25 09:43:37 Tower kernel: xhci_hcd 0000:00:14.0: xHCI Host Controller
Mar 25 09:43:37 Tower kernel: xhci_hcd 0000:00:14.0: new USB bus registered, assigned bus number 4
Mar 25 09:43:37 Tower kernel: xHCI xhci_add_endpoint called for root hub
Mar 25 09:43:37 Tower kernel: xHCI xhci_check_bandwidth called for root hub
Mar 25 09:43:37 Tower kernel: hub 4-0:1.0: USB hub found
Mar 25 09:43:37 Tower kernel: hub 4-0:1.0: 6 ports detected
Mar 25 09:43:37 Tower kernel: usbcore: registered new interface driver usblp
Mar 25 09:43:37 Tower kernel: Initializing USB Mass Storage driver...
Mar 25 09:43:37 Tower kernel: usbcore: registered new interface driver usb-storage
Mar 25 09:43:37 Tower kernel: USB Mass Storage support registered.
Mar 25 09:43:37 Tower kernel: i8042: PNP: PS/2 Controller [PNP0303:PS2K] at 0x60,0x64 irq 1
Mar 25 09:43:37 Tower kernel: i8042: PNP: PS/2 appears to have AUX port disabled, if this is incorrect please boot with i8042.nopnp
Mar 25 09:43:37 Tower kernel: serio: i8042 KBD port at 0x60,0x64 irq 1
Mar 25 09:43:37 Tower kernel: mousedev: PS/2 mouse device common for all mice
Mar 25 09:43:37 Tower kernel: input: PC Speaker as /devices/platform/pcspkr/input/input2
Mar 25 09:43:37 Tower kernel: cpuidle: using governor ladder
Mar 25 09:43:37 Tower kernel: cpuidle: using governor menu
Mar 25 09:43:37 Tower kernel: hidraw: raw HID events driver (C) Jiri Kosina
Mar 25 09:43:37 Tower kernel: usbcore: registered new interface driver usbhid
Mar 25 09:43:37 Tower kernel: usbhid: USB HID core driver
Mar 25 09:43:37 Tower kernel: TCP: cubic registered
Mar 25 09:43:37 Tower kernel: NET: Registered protocol family 17
Mar 25 09:43:37 Tower kernel: Using IPI No-Shortcut mode
Mar 25 09:43:37 Tower kernel: input: AT Translated Set 2 keyboard as /devices/platform/i8042/serio0/input/input3
Mar 25 09:43:37 Tower kernel: usb 1-1: new high-speed USB device number 2 using ehci-pci
Mar 25 09:43:37 Tower kernel: hub 1-1:1.0: USB hub found
Mar 25 09:43:37 Tower kernel: hub 1-1:1.0: 6 ports detected
Mar 25 09:43:37 Tower kernel: usb 2-1: new high-speed USB device number 2 using ehci-pci
Mar 25 09:43:37 Tower kernel: hub 2-1:1.0: USB hub found
Mar 25 09:43:37 Tower kernel: hub 2-1:1.0: 8 ports detected
Mar 25 09:43:37 Tower kernel: usb 3-6: new full-speed USB device number 2 using xhci_hcd
Mar 25 09:43:37 Tower kernel: tsc: Refined TSC clocksource calibration: 3599.996 MHz
Mar 25 09:43:37 Tower kernel: Switching to clocksource tsc
Mar 25 09:43:37 Tower kernel: usb 3-9: new high-speed USB device number 3 using xhci_hcd
Mar 25 09:43:37 Tower kernel: scsi0 : usb-storage 3-9:1.0
Mar 25 09:43:37 Tower kernel: scsi 0:0:0:0: Direct-Access     SanDisk  Cruzer Fit       1.26 PQ: 0 ANSI: 6
Mar 25 09:43:37 Tower kernel: sd 0:0:0:0: [sda] 31266816 512-byte logical blocks: (16.0 GB/14.9 GiB)
Mar 25 09:43:37 Tower kernel: sd 0:0:0:0: [sda] Write Protect is off
Mar 25 09:43:37 Tower kernel: sd 0:0:0:0: [sda] Mode Sense: 43 00 00 00
Mar 25 09:43:37 Tower kernel: sd 0:0:0:0: [sda] Write cache: disabled, read cache: enabled, doesn't support DPO or FUA
Mar 25 09:43:37 Tower kernel:  sda: sda1
Mar 25 09:43:37 Tower kernel: sd 0:0:0:0: [sda] Attached SCSI disk
Mar 25 09:43:37 Tower kernel: floppy0: no floppy controllers found
Mar 25 09:43:37 Tower kernel: Freeing unused kernel memory: 388k freed
Mar 25 09:43:37 Tower kernel: pps_core: LinuxPPS API ver. 1 registered
Mar 25 09:43:37 Tower kernel: pps_core: Software ver. 5.3.6 - Copyright 2005-2007 Rodolfo Giometti <giometti@linux.it>
Mar 25 09:43:37 Tower kernel: PTP clock support registered
Mar 25 09:43:37 Tower kernel: e1000e: Intel(R) PRO/1000 Network Driver - 2.2.14-k
Mar 25 09:43:37 Tower kernel: e1000e: Copyright(c) 1999 - 2013 Intel Corporation.
Mar 25 09:43:37 Tower kernel: e1000e 0000:00:19.0: setting latency timer to 64
Mar 25 09:43:37 Tower kernel: e1000e 0000:00:19.0: Interrupt Throttling Rate (ints/sec) set to dynamic conservative mode
Mar 25 09:43:37 Tower kernel: e1000e 0000:00:19.0: irq 42 for MSI/MSI-X
Mar 25 09:43:37 Tower kernel: sd 0:0:0:0: Attached scsi generic sg0 type 0
Mar 25 09:43:37 Tower kernel: logitech-djreceiver 0003:046D:C52B.0003: hiddev0,hidraw0: USB HID v1.11 Device [Logitech USB Receiver] on usb-0000:00:14.0-6/input2
Mar 25 09:43:37 Tower kernel: e1000e 0000:00:19.0 eth0: registered PHC clock
Mar 25 09:43:37 Tower kernel: e1000e 0000:00:19.0 eth0: (PCI Express:2.5GT/s:Width x1) 60:a4:4c:65:04:96
Mar 25 09:43:37 Tower kernel: e1000e 0000:00:19.0 eth0: Intel(R) PRO/1000 Network Connection
Mar 25 09:43:37 Tower kernel: e1000e 0000:00:19.0 eth0: MAC: 11, PHY: 12, PBA No: FFFFFF-0FF
Mar 25 09:43:37 Tower kernel: ahci 0000:00:1f.2: version 3.0
Mar 25 09:43:37 Tower kernel: ahci 0000:00:1f.2: irq 43 for MSI/MSI-X
Mar 25 09:43:37 Tower kernel: ahci 0000:00:1f.2: AHCI 0001.0300 32 slots 6 ports 6 Gbps 0x10 impl SATA mode
Mar 25 09:43:37 Tower kernel: ahci 0000:00:1f.2: flags: 64bit ncq led clo pio slum part ems apst 
Mar 25 09:43:37 Tower kernel: ahci 0000:00:1f.2: setting latency timer to 64
Mar 25 09:43:37 Tower kernel: scsi1 : ahci
Mar 25 09:43:37 Tower kernel: scsi2 : ahci
Mar 25 09:43:37 Tower kernel: scsi3 : ahci
Mar 25 09:43:37 Tower kernel: scsi4 : ahci
Mar 25 09:43:37 Tower kernel: scsi5 : ahci
Mar 25 09:43:37 Tower kernel: scsi6 : ahci
Mar 25 09:43:37 Tower kernel: ata1: DUMMY
Mar 25 09:43:37 Tower kernel: ata2: DUMMY
Mar 25 09:43:37 Tower kernel: ata3: DUMMY
Mar 25 09:43:37 Tower kernel: ata4: DUMMY
Mar 25 09:43:37 Tower kernel: ata5: SATA max UDMA/133 abar m2048@0xf043a000 port 0xf043a300 irq 43
Mar 25 09:43:37 Tower kernel: ata6: DUMMY
Mar 25 09:43:37 Tower kernel: ACPI Warning: 0x0000f040-0x0000f05f SystemIO conflicts with Region \_SB_.PCI0.SBUS.SMBI 1 (20130117/utaddress-251)
Mar 25 09:43:37 Tower kernel: ACPI: If an ACPI driver is available for this device, you should use it instead of the native driver
Mar 25 09:43:37 Tower kernel: ata5: SATA link up 6.0 Gbps (SStatus 133 SControl 300)
Mar 25 09:43:37 Tower kernel: ACPI Error: [DSSP] Namespace lookup failure, AE_NOT_FOUND (20130117/psargs-359)
Mar 25 09:43:37 Tower kernel: ACPI Error: Method parse/execution failed [\_SB_.PCI0.SAT0.SPT4._GTF] (Node f104fea0), AE_NOT_FOUND (20130117/psparse-537)
Mar 25 09:43:37 Tower kernel: ata5.00: ATA-9: ST3000DM001-1CH166,             Z1F33PRV, CC27, max UDMA/133
Mar 25 09:43:37 Tower kernel: ata5.00: 5860533168 sectors, multi 16: LBA48 NCQ (depth 31/32), AA
Mar 25 09:43:37 Tower kernel: ACPI Error: [DSSP] Namespace lookup failure, AE_NOT_FOUND (20130117/psargs-359)
Mar 25 09:43:37 Tower kernel: ACPI Error: Method parse/execution failed [\_SB_.PCI0.SAT0.SPT4._GTF] (Node f104fea0), AE_NOT_FOUND (20130117/psparse-537)
Mar 25 09:43:37 Tower kernel: ata5.00: configured for UDMA/133
Mar 25 09:43:37 Tower kernel: scsi 5:0:0:0: Direct-Access     ATA      ST3000DM001-1CH1 CC27 PQ: 0 ANSI: 5
Mar 25 09:43:37 Tower kernel: sd 5:0:0:0: [sdb] 5860533168 512-byte logical blocks: (3.00 TB/2.72 TiB)
Mar 25 09:43:37 Tower kernel: sd 5:0:0:0: Attached scsi generic sg1 type 0
Mar 25 09:43:37 Tower kernel: sd 5:0:0:0: [sdb] 4096-byte physical blocks
Mar 25 09:43:37 Tower kernel: sd 5:0:0:0: [sdb] Write Protect is off
Mar 25 09:43:37 Tower kernel: sd 5:0:0:0: [sdb] Mode Sense: 00 3a 00 00
Mar 25 09:43:37 Tower kernel: sd 5:0:0:0: [sdb] Write cache: enabled, read cache: enabled, doesn't support DPO or FUA
Mar 25 09:43:37 Tower kernel:  sdb: sdb1
Mar 25 09:43:37 Tower kernel: sd 5:0:0:0: [sdb] Attached SCSI disk
Mar 25 09:43:37 Tower dhcpcd[1071]: version 5.2.7 starting
Mar 25 09:43:37 Tower kernel: e1000e 0000:00:19.0: irq 42 for MSI/MSI-X
Mar 25 09:43:37 Tower dhcpcd[1071]: forked to background, child pid 1072
Mar 25 09:43:37 Tower kernel: e1000e 0000:00:19.0: irq 42 for MSI/MSI-X
Mar 25 09:43:37 Tower rpc.statd[1098]: Version 1.2.2 starting
Mar 25 09:43:37 Tower sm-notify[1099]: Version 1.2.2 starting
Mar 25 09:43:37 Tower rpc.statd[1098]: Failed to read /var/lib/nfs/state: Success
Mar 25 09:43:37 Tower rpc.statd[1098]: Initializing NSM state
Mar 25 09:43:37 Tower rpc.statd[1098]: Running as root.  chown /var/lib/nfs to choose different user
Mar 25 09:43:37 Tower dhcpcd[1072]: eth0: waiting for carrier
Mar 25 09:43:37 Tower acpid: starting up with proc fs 
Mar 25 09:43:37 Tower acpid: skipping conf file /etc/acpi/events/. 
Mar 25 09:43:37 Tower acpid: skipping conf file /etc/acpi/events/.. 
Mar 25 09:43:37 Tower acpid: 1 rule loaded 
Mar 25 09:43:37 Tower acpid: waiting for events: event logging is off 
Mar 25 09:43:37 Tower crond[1140]: /usr/sbin/crond 4.4 dillon's cron daemon, started with loglevel notice 
Mar 25 09:43:37 Tower logger: Installing system plugins
Mar 25 09:43:37 Tower logger: installing plugin: dynamix.webGui-2.2.3-noarch-bergware
Mar 25 09:43:37 Tower logger:  file /tmp/plugin-startup: successfully wrote INLINE file contents
Mar 25 09:43:40 Tower dhcpcd[1072]: eth0: carrier acquired
Mar 25 09:43:40 Tower kernel: e1000e: eth0 NIC Link is Up 1000 Mbps Full Duplex, Flow Control: Rx/Tx
Mar 25 09:43:40 Tower dhcpcd[1072]: eth0: broadcasting for a lease
Mar 25 09:43:40 Tower dhcpcd[1072]: eth0: offered 192.168.1.160 from 192.168.1.1
Mar 25 09:43:40 Tower dhcpcd[1072]: eth0: acknowledged 192.168.1.160 from 192.168.1.1
Mar 25 09:43:40 Tower dhcpcd[1072]: eth0: checking for 192.168.1.160
Mar 25 09:43:46 Tower dhcpcd[1072]: eth0: leased 192.168.1.160 for 86400 seconds
Mar 25 09:43:46 Tower logger:   /bin/bash /tmp/plugin-startup ... success
Mar 25 09:43:46 Tower logger:  file /boot/config/plugins/dynamix/dynamix.webGui.cfg: successfully wrote INLINE file contents
Mar 25 09:43:47 Tower logger:  file /boot/plugins/dynamix.webGui-2.2.3-i486-1.txz: downloading from --no-check-certificate https://raw.github.com/bergware/dynamix/master/download/dynamix.webGui-2.2.3-i486-1.txz ... success
Mar 25 09:43:47 Tower logger:   upgradepkg --install-new /boot/plugins/dynamix.webGui-2.2.3-i486-1.txz ... 
Mar 25 09:43:47 Tower logger: +==============================================================================
Mar 25 09:43:47 Tower logger: | Installing new package /boot/plugins/dynamix.webGui-2.2.3-i486-1.txz
Mar 25 09:43:47 Tower logger: +==============================================================================
Mar 25 09:43:47 Tower logger: 
Mar 25 09:43:47 Tower logger: Verifying package dynamix.webGui-2.2.3-i486-1.txz.
Mar 25 09:43:47 Tower logger: Installing package dynamix.webGui-2.2.3-i486-1.txz:
Mar 25 09:43:47 Tower logger: PACKAGE DESCRIPTION:
Mar 25 09:43:47 Tower logger: Package dynamix.webGui-2.2.3-i486-1.txz installed.
Mar 25 09:43:47 Tower logger: 
Mar 25 09:43:47 Tower logger: 
Mar 25 09:43:47 Tower logger: success
Mar 25 09:43:48 Tower logger:  file /boot/config/plugins/images/dynamix.webGui.png: downloading from --no-check-certificate https://raw.github.com/bergware/dynamix/master/download/dynamix.webGui.png ... success
Mar 25 09:43:48 Tower logger:  file /usr/local/emhttp/plugins/webGui/images/dynamix.webGui.png: successfully copied LOCAL file
Mar 25 09:43:49 Tower logger:  file /boot/packages/powerdown-2.06-noarch-unRAID.tgz: downloading from --no-check-certificate https://raw.github.com/dlandon/unraid-snap/master/powerdown-2.06-noarch-unRAID.tgz ... success
Mar 25 09:43:49 Tower logger:   CTRLALTDEL=YES upgradepkg --install-new /boot/packages/powerdown-2.06-noarch-unRAID.tgz ... 
Mar 25 09:43:49 Tower logger: +==============================================================================
Mar 25 09:43:49 Tower logger: | Installing new package /boot/packages/powerdown-2.06-noarch-unRAID.tgz
Mar 25 09:43:49 Tower logger: +==============================================================================
Mar 25 09:43:49 Tower logger: 
Mar 25 09:43:49 Tower logger: Verifying package powerdown-2.06-noarch-unRAID.tgz.
Mar 25 09:43:49 Tower logger: Installing package powerdown-2.06-noarch-unRAID.tgz:
Mar 25 09:43:49 Tower logger: PACKAGE DESCRIPTION:
Mar 25 09:43:49 Tower logger: #
Mar 25 09:43:49 Tower logger: # powerdown  Control scripts for the unRAID server Environment.
Mar 25 09:43:49 Tower logger: #
Mar 25 09:43:49 Tower logger: # Copyright (C) 2008-2014 by Robert Cotrone & Dan Landon
Mar 25 09:43:49 Tower logger: #
Mar 25 09:43:49 Tower logger: # Adds /sbin/powerdown script to assist with quick unRAID poweroff
Mar 25 09:43:49 Tower logger: #
Mar 25 09:43:49 Tower logger: # Install Variable options:
Mar 25 09:43:49 Tower logger: # CTRLALTDEL=yes set ctrl-alt-del to do powerdown instead of reboot
Mar 25 09:43:49 Tower logger: # SYSLOG=YES     do initial syslog saving upon installation
Mar 25 09:43:49 Tower logger: # STATUS=YES     Show status upon installation
Mar 25 09:43:49 Tower logger: # START=YES      do initial start upon installation
Mar 25 09:43:49 Tower logger: # 
Mar 25 09:43:49 Tower logger: # Install with VAR's as defined above like:
Mar 25 09:43:49 Tower logger: # VAR=YES OTHERVAR=YES installpkg powerdown-2.06-noarch-unRAID.tgz
Mar 25 09:43:49 Tower logger: # Like Like: 
Mar 25 09:43:49 Tower logger: # CTRLALTDEL=yes installpkg powerdown-2.06-noarch-unRAID.tgz
Mar 25 09:43:49 Tower logger: # 
Mar 25 09:43:49 Tower logger: # /etc/rc.d/rc.unRAID script has basic pre-power down functions
Mar 25 09:43:49 Tower logger: # Hooks are placed in /etc/rc.d/rc.local_shutdown
Mar 25 09:43:49 Tower logger: # to allow normal poweroff/shutdown commands do a graceful shutdown
Mar 25 09:43:49 Tower logger: # 
Mar 25 09:43:49 Tower logger: # Diagnostic mode for quick syslog dump/save to /boot/logs
Mar 25 09:43:49 Tower logger: # call as /etc/rc.d/ec.unRAID diag
Mar 25 09:43:49 Tower logger: # call as /etc/rc.d/rc.unRAID syslog 
Mar 25 09:43:49 Tower logger: #
Mar 25 09:43:49 Tower logger: Executing install script for powerdown-2.06-noarch-unRAID.tgz.
Mar 25 09:43:49 Tower init: Re-reading inittab
Mar 25 09:43:49 Tower logger: kernel.poweroff_cmd = /sbin/powerdown
Mar 25 09:43:49 Tower logger: Package powerdown-2.06-noarch-unRAID.tgz installed.
Mar 25 09:43:49 Tower logger: 
Mar 25 09:43:49 Tower logger: 
Mar 25 09:43:49 Tower logger: success
Mar 25 09:43:49 Tower logger:  file /tmp/plugin-install: successfully wrote INLINE file contents
Mar 25 09:43:49 Tower logger:   /bin/bash /tmp/plugin-install ... executing !
Mar 25 09:43:49 Tower logger: 
Mar 25 09:43:49 Tower logger: -----------------------------------------------------------
Mar 25 09:43:49 Tower logger:  dynamix.webGui has been installed.
Mar 25 09:43:49 Tower logger: 
Mar 25 09:43:49 Tower logger:  Created by Bergware International
Mar 25 09:43:49 Tower logger:  Dynamic graphical interface for unRAID media server
Mar 25 09:43:49 Tower logger:  Copyright 2014, Bergware International
Mar 25 09:43:49 Tower logger:  Version: 2.2.3
Mar 25 09:43:49 Tower logger: -----------------------------------------------------------
Mar 25 09:43:49 Tower logger: 
Mar 25 09:43:49 Tower logger: success
Mar 25 09:43:49 Tower logger:  file /var/log/plugins/dynamix.webGui: successfully wrote INLINE file contents
Mar 25 09:43:49 Tower logger:  plugin successfully installed
Mar 25 09:43:49 Tower logger: Installing user plugins
Mar 25 09:43:49 Tower logger: Starting go script
Mar 25 09:43:49 Tower emhttp: unRAID System Management Utility version 5.0.5
Mar 25 09:43:49 Tower emhttp: Copyright (C) 2005-2013, Lime Technology, LLC
Mar 25 09:43:49 Tower emhttp: Basic key detected, GUID: 
Mar 25 09:43:49 Tower emhttp: get_config_idx: fopen /boot/config/flash.cfg: No such file or directory - assigning defaults
Mar 25 09:43:49 Tower emhttp: shcmd (1): modprobe md-mod super=/boot/config/super.dat slots=3 |& logger
Mar 25 09:43:49 Tower emhttp: shcmd (2): udevadm settle
Mar 25 09:43:49 Tower emhttp: Device inventory:
Mar 25 09:43:49 Tower emhttp: ST3000DM001-1CH166_Z1F33PRV (sdb) 2930266584
Mar 25 09:43:49 Tower emhttp: shcmd (3): /usr/local/sbin/emhttp_event driver_loaded
Mar 25 09:43:49 Tower emhttp_event: driver_loaded
Mar 25 09:43:49 Tower kernel: md: unRAID driver 2.2.0 installed
Mar 25 09:43:49 Tower kernel: mdcmd (1): import 0 0,0
Mar 25 09:43:49 Tower kernel: md: disk0 removed
Mar 25 09:43:49 Tower kernel: mdcmd (2): import 1 8,16 2930266532 ST3000DM001-1CH166_Z1F33PRV
Mar 25 09:43:49 Tower kernel: md: import disk1: [8,16] (sdb) ST3000DM001-1CH166_Z1F33PRV size: 2930266532
Mar 25 09:43:49 Tower kernel: mdcmd (3): import 2 0,0
Mar 25 09:43:49 Tower emhttp: shcmd (4): :>/etc/samba/smb-shares.conf
Mar 25 09:43:49 Tower emhttp: Start SMB...
Mar 25 09:43:49 Tower emhttp: shcmd (5): /etc/rc.d/rc.samba start |& logger
Mar 25 09:43:49 Tower logger: Starting Samba:  /usr/sbin/nmbd -D
Mar 25 09:43:49 Tower logger:                  /usr/sbin/smbd -D
Mar 25 09:43:49 Tower emhttp: shcmd (6): cp /etc/avahi/services/smb.service- /etc/avahi/services/smb.service
Mar 25 09:43:49 Tower emhttp: shcmd (7): ps axc | grep -q rpc.mountd
Mar 25 09:43:49 Tower emhttp: _shcmd: shcmd (7): exit status: 1
Mar 25 09:43:49 Tower emhttp: Start AVAHI...
Mar 25 09:43:49 Tower emhttp: shcmd (8): /etc/rc.d/rc.avahidaemon start |& logger
Mar 25 09:43:49 Tower logger: Starting Avahi mDNS/DNS-SD Daemon:  /usr/sbin/avahi-daemon -D
Mar 25 09:43:49 Tower avahi-daemon[1762]: Found user 'avahi' (UID 61) and group 'avahi' (GID 214).
Mar 25 09:43:49 Tower avahi-daemon[1762]: Successfully dropped root privileges.
Mar 25 09:43:49 Tower avahi-daemon[1762]: avahi-daemon 0.6.31 starting up.
Mar 25 09:43:49 Tower avahi-daemon[1762]: Successfully called chroot().
Mar 25 09:43:49 Tower avahi-daemon[1762]: Successfully dropped remaining capabilities.
Mar 25 09:43:49 Tower avahi-daemon[1762]: Loading service file /services/smb.service.
Mar 25 09:43:49 Tower avahi-daemon[1762]: Joining mDNS multicast group on interface eth0.IPv4 with address 192.168.1.160.
Mar 25 09:43:49 Tower avahi-daemon[1762]: New relevant interface eth0.IPv4 for mDNS.
Mar 25 09:43:49 Tower avahi-daemon[1762]: Network interface enumeration completed.
Mar 25 09:43:49 Tower avahi-daemon[1762]: Registering new address record for 192.168.1.160 on eth0.IPv4.
Mar 25 09:43:49 Tower avahi-daemon[1762]: Registering HINFO record with values 'I686'/'LINUX'.
Mar 25 09:43:49 Tower emhttp: shcmd (9): /etc/rc.d/rc.avahidnsconfd start |& logger
Mar 25 09:43:49 Tower logger: Starting Avahi mDNS/DNS-SD DNS Server Configuration Daemon:  /usr/sbin/avahi-dnsconfd -D
Mar 25 09:43:49 Tower avahi-dnsconfd[1772]: Successfully connected to Avahi daemon.
Mar 25 09:43:49 Tower emhttp: auto start disabled
Mar 25 09:43:50 Tower avahi-daemon[1762]: Server startup complete. Host name is Tower.local. Local service cookie is 3899605560.
Mar 25 09:43:51 Tower avahi-daemon[1762]: Service "Tower" (/services/smb.service) successfully established.
Mar 25 09:44:14 Tower emhttp: shcmd (10): rmmod md-mod |& logger
Mar 25 09:44:14 Tower emhttp: shcmd (11): modprobe md-mod super=/boot/config/super.dat slots=3 |& logger
Mar 25 09:44:14 Tower emhttp: shcmd (12): udevadm settle
Mar 25 09:44:14 Tower kernel: md: unRAID driver removed
Mar 25 09:44:14 Tower kernel: md: unRAID driver 2.2.0 installed
Mar 25 09:44:14 Tower emhttp: Device inventory:
Mar 25 09:44:14 Tower emhttp: ST3000DM001-1CH166_Z1F33PRV (sdb) 2930266584
Mar 25 09:44:14 Tower emhttp: shcmd (13): /usr/local/sbin/emhttp_event driver_loaded
Mar 25 09:44:14 Tower emhttp_event: driver_loaded
Mar 25 09:44:14 Tower kernel: mdcmd (1): import 0 0,0
Mar 25 09:44:14 Tower kernel: md: disk0 removed
Mar 25 09:44:14 Tower kernel: mdcmd (2): import 1 8,16 2930266532 ST3000DM001-1CH166_Z1F33PRV
Mar 25 09:44:14 Tower kernel: md: import disk1: [8,16] (sdb) ST3000DM001-1CH166_Z1F33PRV size: 2930266532
Mar 25 09:44:14 Tower kernel: mdcmd (3): import 2 0,0
Mar 25 09:44:17 Tower emhttp: shcmd (14): rmmod md-mod |& logger
Mar 25 09:44:17 Tower emhttp: shcmd (15): modprobe md-mod super=/boot/config/super.dat slots=3 |& logger
Mar 25 09:44:17 Tower emhttp: shcmd (16): udevadm settle
Mar 25 09:44:17 Tower kernel: md: unRAID driver removed
Mar 25 09:44:17 Tower kernel: md: unRAID driver 2.2.0 installed
Mar 25 09:44:17 Tower emhttp: Device inventory:
Mar 25 09:44:17 Tower emhttp: ST3000DM001-1CH166_Z1F33PRV (sdb) 2930266584
Mar 25 09:44:17 Tower emhttp: shcmd (17): /usr/local/sbin/emhttp_event driver_loaded
Mar 25 09:44:17 Tower emhttp_event: driver_loaded
Mar 25 09:44:17 Tower kernel: mdcmd (1): import 0 0,0
Mar 25 09:44:17 Tower kernel: md: disk0 removed
Mar 25 09:44:17 Tower kernel: mdcmd (2): import 1 8,16 2930266532 ST3000DM001-1CH166_Z1F33PRV
Mar 25 09:44:17 Tower kernel: md: import disk1: [8,16] (sdb) ST3000DM001-1CH166_Z1F33PRV size: 2930266532
Mar 25 09:44:17 Tower kernel: mdcmd (3): import 2 0,0
Mar 25 09:44:17 Tower emhttp: shcmd (18): rmmod md-mod |& logger
Mar 25 09:44:17 Tower emhttp: shcmd (19): modprobe md-mod super=/boot/config/super.dat slots=3 |& logger
Mar 25 09:44:17 Tower emhttp: shcmd (20): udevadm settle
Mar 25 09:44:17 Tower kernel: md: unRAID driver removed
Mar 25 09:44:17 Tower kernel: md: unRAID driver 2.2.0 installed
Mar 25 09:44:17 Tower emhttp: Device inventory:
Mar 25 09:44:17 Tower emhttp: ST3000DM001-1CH166_Z1F33PRV (sdb) 2930266584
Mar 25 09:44:17 Tower emhttp: shcmd (21): /usr/local/sbin/emhttp_event driver_loaded
Mar 25 09:44:17 Tower emhttp_event: driver_loaded
Mar 25 09:44:17 Tower kernel: mdcmd (1): import 0 0,0
Mar 25 09:44:17 Tower kernel: md: disk0 removed
Mar 25 09:44:17 Tower kernel: mdcmd (2): import 1 8,16 2930266532 ST3000DM001-1CH166_Z1F33PRV
Mar 25 09:44:17 Tower kernel: md: import disk1: [8,16] (sdb) ST3000DM001-1CH166_Z1F33PRV size: 2930266532
Mar 25 09:44:17 Tower kernel: mdcmd (3): import 2 0,0
Mar 25 09:44:17 Tower emhttp: shcmd (22): rmmod md-mod |& logger
Mar 25 09:44:17 Tower emhttp: shcmd (23): modprobe md-mod super=/boot/config/super.dat slots=3 |& logger
Mar 25 09:44:17 Tower emhttp: shcmd (24): udevadm settle
Mar 25 09:44:17 Tower kernel: md: unRAID driver removed
Mar 25 09:44:17 Tower kernel: md: unRAID driver 2.2.0 installed
Mar 25 09:44:17 Tower emhttp: Device inventory:
Mar 25 09:44:17 Tower emhttp: ST3000DM001-1CH166_Z1F33PRV (sdb) 2930266584
Mar 25 09:44:17 Tower emhttp: shcmd (25): /usr/local/sbin/emhttp_event driver_loaded
Mar 25 09:44:17 Tower emhttp_event: driver_loaded
Mar 25 09:44:17 Tower kernel: mdcmd (1): import 0 0,0
Mar 25 09:44:17 Tower kernel: md: disk0 removed
Mar 25 09:44:17 Tower kernel: mdcmd (2): import 1 8,16 2930266532 ST3000DM001-1CH166_Z1F33PRV
Mar 25 09:44:17 Tower kernel: md: import disk1: [8,16] (sdb) ST3000DM001-1CH166_Z1F33PRV size: 2930266532
Mar 25 09:44:17 Tower kernel: mdcmd (3): import 2 0,0
Mar 25 09:44:17 Tower emhttp: shcmd (26): rmmod md-mod |& logger
Mar 25 09:44:17 Tower emhttp: shcmd (27): modprobe md-mod super=/boot/config/super.dat slots=3 |& logger
Mar 25 09:44:17 Tower kernel: md: unRAID driver removed
Mar 25 09:44:17 Tower emhttp: shcmd (28): udevadm settle
Mar 25 09:44:17 Tower emhttp: Device inventory:
Mar 25 09:44:17 Tower emhttp: ST3000DM001-1CH166_Z1F33PRV (sdb) 2930266584
Mar 25 09:44:17 Tower kernel: md: unRAID driver 2.2.0 installed
Mar 25 09:44:17 Tower kernel: mdcmd (1): import 0 0,0
Mar 25 09:44:17 Tower kernel: md: disk0 removed
Mar 25 09:44:17 Tower kernel: mdcmd (2): import 1 8,16 2930266532 ST3000DM001-1CH166_Z1F33PRV
Mar 25 09:44:17 Tower kernel: md: import disk1: [8,16] (sdb) ST3000DM001-1CH166_Z1F33PRV size: 2930266532
Mar 25 09:44:17 Tower kernel: mdcmd (3): import 2 0,0
Mar 25 09:44:17 Tower emhttp: shcmd (29): /usr/local/sbin/emhttp_event driver_loaded
Mar 25 09:44:17 Tower emhttp_event: driver_loaded
Mar 25 09:44:18 Tower emhttp: shcmd (30): rmmod md-mod |& logger
Mar 25 09:44:18 Tower emhttp: shcmd (31): modprobe md-mod super=/boot/config/super.dat slots=3 |& logger
Mar 25 09:44:18 Tower emhttp: shcmd (32): udevadm settle
Mar 25 09:44:18 Tower emhttp: Device inventory:
Mar 25 09:44:18 Tower emhttp: ST3000DM001-1CH166_Z1F33PRV (sdb) 2930266584
Mar 25 09:44:18 Tower emhttp: shcmd (33): /usr/local/sbin/emhttp_event driver_loaded
Mar 25 09:44:18 Tower emhttp_event: driver_loaded
Mar 25 09:44:18 Tower kernel: md: unRAID driver removed
Mar 25 09:44:18 Tower kernel: md: unRAID driver 2.2.0 installed
Mar 25 09:44:18 Tower kernel: mdcmd (1): import 0 0,0
Mar 25 09:44:18 Tower kernel: md: disk0 removed
Mar 25 09:44:18 Tower kernel: mdcmd (2): import 1 8,16 2930266532 ST3000DM001-1CH166_Z1F33PRV
Mar 25 09:44:18 Tower kernel: md: import disk1: [8,16] (sdb) ST3000DM001-1CH166_Z1F33PRV size: 2930266532
Mar 25 09:44:18 Tower kernel: mdcmd (3): import 2 0,0
Mar 25 09:44:19 Tower emhttp: shcmd (34): rmmod md-mod |& logger
Mar 25 09:44:19 Tower emhttp: shcmd (35): modprobe md-mod super=/boot/config/super.dat slots=3 |& logger
Mar 25 09:44:19 Tower emhttp: shcmd (36): udevadm settle
Mar 25 09:44:19 Tower kernel: md: unRAID driver removed
Mar 25 09:44:19 Tower kernel: md: unRAID driver 2.2.0 installed
Mar 25 09:44:19 Tower emhttp: Device inventory:
Mar 25 09:44:19 Tower emhttp: ST3000DM001-1CH166_Z1F33PRV (sdb) 2930266584
Mar 25 09:44:19 Tower emhttp: shcmd (37): /usr/local/sbin/emhttp_event driver_loaded
Mar 25 09:44:19 Tower emhttp_event: driver_loaded
Mar 25 09:44:19 Tower kernel: mdcmd (1): import 0 0,0
Mar 25 09:44:19 Tower kernel: md: disk0 removed
Mar 25 09:44:19 Tower kernel: mdcmd (2): import 1 8,16 2930266532 ST3000DM001-1CH166_Z1F33PRV
Mar 25 09:44:19 Tower kernel: md: import disk1: [8,16] (sdb) ST3000DM001-1CH166_Z1F33PRV size: 2930266532
Mar 25 09:44:19 Tower kernel: mdcmd (3): import 2 0,0
Mar 25 09:44:20 Tower emhttp: shcmd (38): rmmod md-mod |& logger
Mar 25 09:44:20 Tower emhttp: shcmd (39): modprobe md-mod super=/boot/config/super.dat slots=3 |& logger
Mar 25 09:44:20 Tower kernel: md: unRAID driver removed
Mar 25 09:44:20 Tower emhttp: shcmd (40): udevadm settle
Mar 25 09:44:20 Tower emhttp: Device inventory:
Mar 25 09:44:20 Tower emhttp: ST3000DM001-1CH166_Z1F33PRV (sdb) 2930266584
Mar 25 09:44:20 Tower emhttp: shcmd (41): /usr/local/sbin/emhttp_event driver_loaded
Mar 25 09:44:20 Tower kernel: md: unRAID driver 2.2.0 installed
Mar 25 09:44:20 Tower kernel: mdcmd (1): import 0 0,0
Mar 25 09:44:20 Tower kernel: md: disk0 removed
Mar 25 09:44:20 Tower kernel: mdcmd (2): import 1 8,16 2930266532 ST3000DM001-1CH166_Z1F33PRV
Mar 25 09:44:20 Tower kernel: md: import disk1: [8,16] (sdb) ST3000DM001-1CH166_Z1F33PRV size: 2930266532
Mar 25 09:44:20 Tower kernel: mdcmd (3): import 2 0,0
Mar 25 09:44:20 Tower emhttp_event: driver_loaded
Mar 25 09:44:21 Tower emhttp: shcmd (42): rmmod md-mod |& logger
Mar 25 09:44:21 Tower emhttp: shcmd (43): modprobe md-mod super=/boot/config/super.dat slots=3 |& logger
Mar 25 09:44:21 Tower emhttp: shcmd (44): udevadm settle
Mar 25 09:44:21 Tower kernel: md: unRAID driver removed
Mar 25 09:44:21 Tower kernel: md: unRAID driver 2.2.0 installed
Mar 25 09:44:21 Tower emhttp: Device inventory:
Mar 25 09:44:21 Tower emhttp: ST3000DM001-1CH166_Z1F33PRV (sdb) 2930266584
Mar 25 09:44:21 Tower emhttp: shcmd (45): /usr/local/sbin/emhttp_event driver_loaded
Mar 25 09:44:21 Tower kernel: mdcmd (1): import 0 0,0
Mar 25 09:44:21 Tower kernel: md: disk0 removed
Mar 25 09:44:21 Tower kernel: mdcmd (2): import 1 8,16 2930266532 ST3000DM001-1CH166_Z1F33PRV
Mar 25 09:44:21 Tower kernel: md: import disk1: [8,16] (sdb) ST3000DM001-1CH166_Z1F33PRV size: 2930266532
Mar 25 09:44:21 Tower kernel: mdcmd (3): import 2 0,0
Mar 25 09:44:21 Tower emhttp_event: driver_loaded
Mar 25 09:44:22 Tower emhttp: shcmd (46): rmmod md-mod |& logger
Mar 25 09:44:22 Tower emhttp: shcmd (47): modprobe md-mod super=/boot/config/super.dat slots=3 |& logger
Mar 25 09:44:22 Tower kernel: md: unRAID driver removed
Mar 25 09:44:22 Tower kernel: md: unRAID driver 2.2.0 installed
Mar 25 09:44:22 Tower emhttp: shcmd (48): udevadm settle
Mar 25 09:44:22 Tower emhttp: Device inventory:
Mar 25 09:44:22 Tower emhttp: ST3000DM001-1CH166_Z1F33PRV (sdb) 2930266584
Mar 25 09:44:22 Tower emhttp: shcmd (49): /usr/local/sbin/emhttp_event driver_loaded
Mar 25 09:44:22 Tower kernel: mdcmd (1): import 0 0,0
Mar 25 09:44:22 Tower kernel: md: disk0 removed
Mar 25 09:44:22 Tower kernel: mdcmd (2): import 1 8,16 2930266532 ST3000DM001-1CH166_Z1F33PRV
Mar 25 09:44:22 Tower kernel: md: import disk1: [8,16] (sdb) ST3000DM001-1CH166_Z1F33PRV size: 2930266532
Mar 25 09:44:22 Tower kernel: mdcmd (3): import 2 0,0
Mar 25 09:44:22 Tower emhttp_event: driver_loaded
Mar 25 09:44:22 Tower emhttp: shcmd (50): rmmod md-mod |& logger
Mar 25 09:44:22 Tower emhttp: shcmd (51): modprobe md-mod super=/boot/config/super.dat slots=3 |& logger
Mar 25 09:44:22 Tower emhttp: shcmd (52): udevadm settle
Mar 25 09:44:22 Tower emhttp: Device inventory:
Mar 25 09:44:22 Tower emhttp: ST3000DM001-1CH166_Z1F33PRV (sdb) 2930266584
Mar 25 09:44:22 Tower emhttp: shcmd (53): /usr/local/sbin/emhttp_event driver_loaded
Mar 25 09:44:22 Tower kernel: md: unRAID driver removed
Mar 25 09:44:22 Tower kernel: md: unRAID driver 2.2.0 installed
Mar 25 09:44:22 Tower kernel: mdcmd (1): import 0 0,0
Mar 25 09:44:22 Tower kernel: md: disk0 removed
Mar 25 09:44:22 Tower kernel: mdcmd (2): import 1 8,16 2930266532 ST3000DM001-1CH166_Z1F33PRV
Mar 25 09:44:22 Tower kernel: md: import disk1: [8,16] (sdb) ST3000DM001-1CH166_Z1F33PRV size: 2930266532
Mar 25 09:44:22 Tower kernel: mdcmd (3): import 2 0,0
Mar 25 09:44:22 Tower emhttp_event: driver_loaded
Mar 25 09:44:23 Tower emhttp: shcmd (54): rmmod md-mod |& logger
Mar 25 09:44:23 Tower emhttp: shcmd (55): modprobe md-mod super=/boot/config/super.dat slots=3 |& logger
Mar 25 09:44:23 Tower kernel: md: unRAID driver removed
Mar 25 09:44:23 Tower emhttp: shcmd (56): udevadm settle
Mar 25 09:44:23 Tower emhttp: Device inventory:
Mar 25 09:44:23 Tower emhttp: ST3000DM001-1CH166_Z1F33PRV (sdb) 2930266584
Mar 25 09:44:23 Tower emhttp: shcmd (57): /usr/local/sbin/emhttp_event driver_loaded
Mar 25 09:44:23 Tower kernel: md: unRAID driver 2.2.0 installed
Mar 25 09:44:23 Tower kernel: mdcmd (1): import 0 0,0
Mar 25 09:44:23 Tower kernel: md: disk0 removed
Mar 25 09:44:23 Tower kernel: mdcmd (2): import 1 8,16 2930266532 ST3000DM001-1CH166_Z1F33PRV
Mar 25 09:44:23 Tower kernel: md: import disk1: [8,16] (sdb) ST3000DM001-1CH166_Z1F33PRV size: 2930266532
Mar 25 09:44:23 Tower kernel: mdcmd (3): import 2 0,0
Mar 25 09:44:23 Tower emhttp_event: driver_loaded
Mar 25 09:44:24 Tower emhttp: shcmd (58): rmmod md-mod |& logger
Mar 25 09:44:24 Tower emhttp: shcmd (59): modprobe md-mod super=/boot/config/super.dat slots=3 |& logger
Mar 25 09:44:24 Tower kernel: md: unRAID driver removed
Mar 25 09:44:24 Tower emhttp: shcmd (60): udevadm settle
Mar 25 09:44:24 Tower emhttp: Device inventory:
Mar 25 09:44:24 Tower kernel: md: unRAID driver 2.2.0 installed
Mar 25 09:44:24 Tower emhttp: ST3000DM001-1CH166_Z1F33PRV (sdb) 2930266584
Mar 25 09:44:24 Tower emhttp: shcmd (61): /usr/local/sbin/emhttp_event driver_loaded
Mar 25 09:44:24 Tower emhttp_event: driver_loaded
Mar 25 09:44:24 Tower kernel: mdcmd (1): import 0 0,0
Mar 25 09:44:24 Tower kernel: md: disk0 removed
Mar 25 09:44:24 Tower kernel: mdcmd (2): import 1 8,16 2930266532 ST3000DM001-1CH166_Z1F33PRV
Mar 25 09:44:24 Tower kernel: md: import disk1: [8,16] (sdb) ST3000DM001-1CH166_Z1F33PRV size: 2930266532
Mar 25 09:44:24 Tower kernel: mdcmd (3): import 2 0,0
Mar 25 09:44:25 Tower emhttp: shcmd (62): rmmod md-mod |& logger
Mar 25 09:44:25 Tower emhttp: shcmd (63): modprobe md-mod super=/boot/config/super.dat slots=3 |& logger
Mar 25 09:44:25 Tower kernel: md: unRAID driver removed
Mar 25 09:44:25 Tower emhttp: shcmd (64): udevadm settle
Mar 25 09:44:25 Tower emhttp: Device inventory:
Mar 25 09:44:25 Tower emhttp: ST3000DM001-1CH166_Z1F33PRV (sdb) 2930266584
Mar 25 09:44:25 Tower emhttp: shcmd (65): /usr/local/sbin/emhttp_event driver_loaded
Mar 25 09:44:25 Tower kernel: md: unRAID driver 2.2.0 installed
Mar 25 09:44:25 Tower kernel: mdcmd (1): import 0 0,0
Mar 25 09:44:25 Tower kernel: md: disk0 removed
Mar 25 09:44:25 Tower kernel: mdcmd (2): import 1 8,16 2930266532 ST3000DM001-1CH166_Z1F33PRV
Mar 25 09:44:25 Tower kernel: md: import disk1: [8,16] (sdb) ST3000DM001-1CH166_Z1F33PRV size: 2930266532
Mar 25 09:44:25 Tower kernel: mdcmd (3): import 2 0,0
Mar 25 09:44:25 Tower emhttp_event: driver_loaded
Mar 25 09:44:25 Tower emhttp: shcmd (66): rmmod md-mod |& logger
Mar 25 09:44:25 Tower emhttp: shcmd (67): modprobe md-mod super=/boot/config/super.dat slots=3 |& logger
Mar 25 09:44:25 Tower kernel: md: unRAID driver removed
Mar 25 09:44:25 Tower emhttp: shcmd (68): udevadm settle
Mar 25 09:44:25 Tower emhttp: Device inventory:
Mar 25 09:44:25 Tower emhttp: ST3000DM001-1CH166_Z1F33PRV (sdb) 2930266584
Mar 25 09:44:25 Tower emhttp: shcmd (69): /usr/local/sbin/emhttp_event driver_loaded
Mar 25 09:44:25 Tower kernel: md: unRAID driver 2.2.0 installed
Mar 25 09:44:25 Tower kernel: mdcmd (1): import 0 0,0
Mar 25 09:44:25 Tower kernel: md: disk0 removed
Mar 25 09:44:25 Tower kernel: mdcmd (2): import 1 8,16 2930266532 ST3000DM001-1CH166_Z1F33PRV
Mar 25 09:44:25 Tower kernel: md: import disk1: [8,16] (sdb) ST3000DM001-1CH166_Z1F33PRV size: 2930266532
Mar 25 09:44:25 Tower kernel: mdcmd (3): import 2 0,0
Mar 25 09:44:25 Tower emhttp_event: driver_loaded
Mar 25 09:44:26 Tower emhttp: shcmd (70): rmmod md-mod |& logger
Mar 25 09:44:26 Tower emhttp: shcmd (71): modprobe md-mod super=/boot/config/super.dat slots=3 |& logger
Mar 25 09:44:26 Tower kernel: md: unRAID driver removed
Mar 25 09:44:26 Tower emhttp: shcmd (72): udevadm settle
Mar 25 09:44:26 Tower emhttp: Device inventory:
Mar 25 09:44:26 Tower emhttp: ST3000DM001-1CH166_Z1F33PRV (sdb) 2930266584
Mar 25 09:44:26 Tower kernel: md: unRAID driver 2.2.0 installed
Mar 25 09:44:26 Tower kernel: mdcmd (1): import 0 0,0
Mar 25 09:44:26 Tower kernel: md: disk0 removed
Mar 25 09:44:26 Tower kernel: mdcmd (2): import 1 8,16 2930266532 ST3000DM001-1CH166_Z1F33PRV
Mar 25 09:44:26 Tower kernel: md: import disk1: [8,16] (sdb) ST3000DM001-1CH166_Z1F33PRV size: 2930266532
Mar 25 09:44:26 Tower kernel: mdcmd (3): import 2 0,0
Mar 25 09:44:26 Tower emhttp: shcmd (73): /usr/local/sbin/emhttp_event driver_loaded
Mar 25 09:44:26 Tower emhttp_event: driver_loaded
Mar 25 09:44:26 Tower emhttp: shcmd (74): /usr/local/sbin/set_ncq sdb 1 &> /dev/null
Mar 25 09:44:26 Tower kernel: mdcmd (4): set md_num_stripes 1280
Mar 25 09:44:26 Tower kernel: mdcmd (5): set md_write_limit 768
Mar 25 09:44:26 Tower kernel: mdcmd (6): set md_sync_window 384
Mar 25 09:44:26 Tower kernel: mdcmd (7): set spinup_group 1 0
Mar 25 09:44:26 Tower emhttp: Spinning up all drives...
Mar 25 09:44:26 Tower emhttp: Start array...
Mar 25 09:44:26 Tower kernel: mdcmd (8): spinup 1
Mar 25 09:44:26 Tower kernel: mdcmd (9): start STOPPED
Mar 25 09:44:26 Tower kernel: unraid: allocating 13540K for 1280 stripes (2 disks)
Mar 25 09:44:26 Tower kernel: md1: running, size: 2930266532 blocks
Mar 25 09:44:26 Tower emhttp: shcmd (75): udevadm settle
Mar 25 09:44:26 Tower emhttp: shcmd (76): /usr/local/sbin/emhttp_event array_started
Mar 25 09:44:26 Tower emhttp_event: array_started
Mar 25 09:44:26 Tower emhttp: Mounting disks...
Mar 25 09:44:26 Tower emhttp: shcmd (77): mkdir /mnt/disk1
Mar 25 09:44:26 Tower emhttp: shcmd (78): set -o pipefail ; mount -t reiserfs -o user_xattr,acl,noatime,nodiratime /dev/md1 /mnt/disk1 |& logger
Mar 25 09:44:26 Tower kernel: REISERFS (device md1): found reiserfs format "3.6" with standard journal
Mar 25 09:44:26 Tower kernel: REISERFS (device md1): using ordered data mode
Mar 25 09:44:26 Tower kernel: reiserfs: using flush barriers
Mar 25 09:44:26 Tower kernel: REISERFS (device md1): journal params: device md1, size 8192, journal first block 18, max trans len 1024, max batch 900, max commit age 30, max trans age 30
Mar 25 09:44:26 Tower kernel: REISERFS (device md1): checking transaction log (md1)
Mar 25 09:44:26 Tower kernel: REISERFS (device md1): Using r5 hash to sort names
Mar 25 09:44:27 Tower emhttp: shcmd (79): /usr/local/sbin/emhttp_event disks_mounted
Mar 25 09:44:27 Tower emhttp_event: disks_mounted
Mar 25 09:44:27 Tower emhttp: shcmd (80): :>/etc/samba/smb-shares.conf
Mar 25 09:44:27 Tower avahi-daemon[1762]: Files changed, reloading.
Mar 25 09:44:27 Tower emhttp: Restart SMB...
Mar 25 09:44:27 Tower emhttp: shcmd (81): killall -HUP smbd
Mar 25 09:44:27 Tower emhttp: shcmd (82): cp /etc/avahi/services/smb.service- /etc/avahi/services/smb.service
Mar 25 09:44:27 Tower avahi-daemon[1762]: Files changed, reloading.
Mar 25 09:44:27 Tower avahi-daemon[1762]: Service group file /services/smb.service changed, reloading.
Mar 25 09:44:27 Tower emhttp: shcmd (83): ps axc | grep -q rpc.mountd
Mar 25 09:44:27 Tower emhttp: _shcmd: shcmd (83): exit status: 1
Mar 25 09:44:27 Tower emhttp: shcmd (84): /usr/local/sbin/emhttp_event svcs_restarted
Mar 25 09:44:27 Tower emhttp_event: svcs_restarted
Mar 25 09:44:27 Tower emhttp: shcmd (85): /usr/local/sbin/emhttp_event started
Mar 25 09:44:27 Tower emhttp_event: started
Mar 25 09:44:27 Tower rc.unRAID[2067][2069]: Processing /etc/rc.d/rc.unRAID.d/ start scripts.
Mar 25 09:44:28 Tower avahi-daemon[1762]: Service "Tower" (/services/smb.service) successfully established.
Mar 25 09:45:53 Tower in.telnetd[2327]: connect from 192.168.1.191 (192.168.1.191)
Mar 25 09:45:55 Tower login[2328]: ROOT LOGIN  on '/dev/pts/0' from 'Vera'
Mar 25 10:01:25 Tower pms: create user unraid-plex
Mar 25 10:01:25 Tower useradd[6984]: new user: name=unraid-plex, UID=999, GID=100, home=/home/unraid-plex, shell=/sbin/nologin
Mar 25 10:01:25 Tower pms: creating default config file (/boot/config/plugins/plexmediaserver/settings.ini)
Mar 25 10:07:15 Tower emhttp: shcmd (86): :>/etc/samba/smb-shares.conf
Mar 25 10:07:15 Tower avahi-daemon[1762]: Files changed, reloading.
Mar 25 10:07:15 Tower emhttp: Restart SMB...
Mar 25 10:07:15 Tower emhttp: shcmd (87): killall -HUP smbd
Mar 25 10:07:15 Tower emhttp: shcmd (88): cp /etc/avahi/services/smb.service- /etc/avahi/services/smb.service
Mar 25 10:07:15 Tower avahi-daemon[1762]: Files changed, reloading.
Mar 25 10:07:15 Tower avahi-daemon[1762]: Service group file /services/smb.service changed, reloading.
Mar 25 10:07:15 Tower emhttp: shcmd (89): ps axc | grep -q rpc.mountd
Mar 25 10:07:15 Tower emhttp: _shcmd: shcmd (89): exit status: 1
Mar 25 10:07:15 Tower emhttp: shcmd (90): /usr/local/sbin/emhttp_event svcs_restarted
Mar 25 10:07:15 Tower emhttp_event: svcs_restarted
Mar 25 10:07:16 Tower avahi-daemon[1762]: Service "Tower" (/services/smb.service) successfully established.
Mar 25 10:07:36 Tower emhttp: shcmd (91): /usr/local/sbin/set_ncq sdb 1 &> /dev/null
Mar 25 10:07:36 Tower kernel: mdcmd (10): set md_num_stripes 1280
Mar 25 10:07:36 Tower kernel: mdcmd (11): set md_write_limit 768
Mar 25 10:07:36 Tower kernel: mdcmd (12): set md_sync_window 384
Mar 25 10:07:36 Tower kernel: mdcmd (13): set spinup_group 1 0
Mar 25 10:07:42 Tower su[13007]: Successful su for unraid-plex by root
Mar 25 10:07:42 Tower su[13007]: + ??? root:unraid-plex
Mar 25 10:07:43 Tower kernel: Plex Media Serv[13008]: segfault at fffffffc ip b595d9ca sp bfc8f190 error 5 in libstdc++.so.6.0.13[b58ca000+e4000]
Mar 25 10:08:01 Tower emhttp: shcmd (92): /usr/local/sbin/emhttp_event stopping_svcs
Mar 25 10:08:01 Tower emhttp_event: stopping_svcs
Mar 25 10:08:01 Tower emhttp: Stop AVAHI...
Mar 25 10:08:01 Tower emhttp: shcmd (93): /etc/rc.d/rc.avahidaemon stop |& logger
Mar 25 10:08:01 Tower logger: Stopping Avahi mDNS/DNS-SD Daemon: stopped
Mar 25 10:08:01 Tower avahi-daemon[1762]: Got SIGTERM, quitting.
Mar 25 10:08:01 Tower avahi-dnsconfd[1772]: read(): EOF
Mar 25 10:08:01 Tower avahi-daemon[1762]: Leaving mDNS multicast group on interface eth0.IPv4 with address 192.168.1.160.
Mar 25 10:08:01 Tower avahi-daemon[1762]: avahi-daemon 0.6.31 exiting.
Mar 25 10:08:01 Tower emhttp: shcmd (94): /etc/rc.d/rc.avahidnsconfd stop |& logger
Mar 25 10:08:01 Tower logger: Stopping Avahi mDNS/DNS-SD DNS Server Configuration Daemon: stopped
Mar 25 10:08:01 Tower emhttp: shcmd (95): ps axc | grep -q rpc.mountd
Mar 25 10:08:01 Tower emhttp: _shcmd: shcmd (95): exit status: 1
Mar 25 10:08:01 Tower emhttp: Stop SMB...
Mar 25 10:08:01 Tower emhttp: shcmd (96): /etc/rc.d/rc.samba stop |& logger
Mar 25 10:08:01 Tower emhttp: shcmd (97): rm /etc/avahi/services/smb.service &> /dev/null
Mar 25 10:08:01 Tower emhttp: shcmd (98): mkdir /mnt/user
Mar 25 10:08:01 Tower emhttp: shcmd (99): /usr/local/sbin/shfs /mnt/user -disks 16777214 -o noatime,big_writes,allow_other -o remember=0  |& logger
Mar 25 10:08:01 Tower emhttp: shcmd (100): :>/etc/samba/smb-shares.conf
Mar 25 10:08:01 Tower emhttp: get_config_idx: fopen /boot/config/shares/Movies.cfg: No such file or directory - assigning defaults
Mar 25 10:08:01 Tower emhttp: get_config_idx: fopen /boot/config/shares/Music.cfg: No such file or directory - assigning defaults
Mar 25 10:08:01 Tower emhttp: get_config_idx: fopen /boot/config/shares/TV Shows.cfg: No such file or directory - assigning defaults
Mar 25 10:08:01 Tower emhttp: get_config_idx: fopen /boot/config/shares/apps.cfg: No such file or directory - assigning defaults
Mar 25 10:08:01 Tower emhttp: get_config_idx: fopen /boot/config/shares/mountpoint.cfg: No such file or directory - assigning defaults
Mar 25 10:08:01 Tower emhttp: Start SMB...
Mar 25 10:08:01 Tower emhttp: shcmd (101): /etc/rc.d/rc.samba start |& logger
Mar 25 10:08:01 Tower logger: Starting Samba:  /usr/sbin/nmbd -D
Mar 25 10:08:01 Tower logger:                  /usr/sbin/smbd -D
Mar 25 10:08:01 Tower emhttp: shcmd (102): cp /etc/avahi/services/smb.service- /etc/avahi/services/smb.service
Mar 25 10:08:01 Tower emhttp: shcmd (103): ps axc | grep -q rpc.mountd
Mar 25 10:08:01 Tower emhttp: _shcmd: shcmd (103): exit status: 1
Mar 25 10:08:01 Tower emhttp: Start AVAHI...
Mar 25 10:08:01 Tower emhttp: shcmd (104): /etc/rc.d/rc.avahidaemon start |& logger
Mar 25 10:08:01 Tower logger: Starting Avahi mDNS/DNS-SD Daemon:  /usr/sbin/avahi-daemon -D
Mar 25 10:08:01 Tower avahi-daemon[13252]: Found user 'avahi' (UID 61) and group 'avahi' (GID 214).
Mar 25 10:08:01 Tower avahi-daemon[13252]: Successfully dropped root privileges.
Mar 25 10:08:01 Tower avahi-daemon[13252]: avahi-daemon 0.6.31 starting up.
Mar 25 10:08:01 Tower avahi-daemon[13252]: Successfully called chroot().
Mar 25 10:08:01 Tower avahi-daemon[13252]: Successfully dropped remaining capabilities.
Mar 25 10:08:01 Tower avahi-daemon[13252]: Loading service file /services/smb.service.
Mar 25 10:08:01 Tower avahi-daemon[13252]: Joining mDNS multicast group on interface eth0.IPv4 with address 192.168.1.160.
Mar 25 10:08:01 Tower avahi-daemon[13252]: New relevant interface eth0.IPv4 for mDNS.
Mar 25 10:08:01 Tower avahi-daemon[13252]: Network interface enumeration completed.
Mar 25 10:08:01 Tower avahi-daemon[13252]: Registering new address record for 192.168.1.160 on eth0.IPv4.
Mar 25 10:08:01 Tower avahi-daemon[13252]: Registering HINFO record with values 'I686'/'LINUX'.
Mar 25 10:08:01 Tower emhttp: shcmd (105): /etc/rc.d/rc.avahidnsconfd start |& logger
Mar 25 10:08:01 Tower logger: Starting Avahi mDNS/DNS-SD DNS Server Configuration Daemon:  /usr/sbin/avahi-dnsconfd -D
Mar 25 10:08:01 Tower avahi-dnsconfd[13261]: Successfully connected to Avahi daemon.
Mar 25 10:08:01 Tower emhttp: shcmd (106): /usr/local/sbin/emhttp_event svcs_restarted
Mar 25 10:08:01 Tower emhttp_event: svcs_restarted
Mar 25 10:08:02 Tower avahi-daemon[13252]: Server startup complete. Host name is Tower.local. Local service cookie is 1404113154.
Mar 25 10:08:03 Tower avahi-daemon[13252]: Service "Tower" (/services/smb.service) successfully established.
Mar 25 10:08:24 Tower emhttp: shcmd (107): /usr/local/sbin/emhttp_event stopping_svcs
Mar 25 10:08:24 Tower emhttp_event: stopping_svcs
Mar 25 10:08:24 Tower emhttp: Stop AVAHI...
Mar 25 10:08:24 Tower emhttp: shcmd (108): /etc/rc.d/rc.avahidaemon stop |& logger
Mar 25 10:08:24 Tower logger: Stopping Avahi mDNS/DNS-SD Daemon: stopped
Mar 25 10:08:24 Tower avahi-daemon[13252]: Got SIGTERM, quitting.
Mar 25 10:08:24 Tower avahi-dnsconfd[13261]: read(): EOF
Mar 25 10:08:24 Tower avahi-daemon[13252]: Leaving mDNS multicast group on interface eth0.IPv4 with address 192.168.1.160.
Mar 25 10:08:24 Tower avahi-daemon[13252]: avahi-daemon 0.6.31 exiting.
Mar 25 10:08:24 Tower emhttp: shcmd (109): /etc/rc.d/rc.avahidnsconfd stop |& logger
Mar 25 10:08:24 Tower logger: Stopping Avahi mDNS/DNS-SD DNS Server Configuration Daemon: stopped
Mar 25 10:08:24 Tower emhttp: shcmd (110): ps axc | grep -q rpc.mountd
Mar 25 10:08:24 Tower emhttp: _shcmd: shcmd (110): exit status: 1
Mar 25 10:08:24 Tower emhttp: Stop SMB...
Mar 25 10:08:24 Tower emhttp: shcmd (111): /etc/rc.d/rc.samba stop |& logger
Mar 25 10:08:24 Tower emhttp: shcmd (112): rm /etc/avahi/services/smb.service &> /dev/null
Mar 25 10:08:24 Tower emhttp: shcmd (113): hostname Anubis
Mar 25 10:08:24 Tower emhttp: shcmd (114): echo '# Generated' >/etc/hosts
Mar 25 10:08:24 Tower emhttp: shcmd (115): echo '127.0.0.1 Anubis localhost' >>/etc/hosts
Mar 25 10:08:24 Tower emhttp: shcmd (116): :>/etc/samba/smb-shares.conf
Mar 25 10:08:24 Tower emhttp: get_config_idx: fopen /boot/config/shares/Movies.cfg: No such file or directory - assigning defaults
Mar 25 10:08:24 Tower emhttp: get_config_idx: fopen /boot/config/shares/Music.cfg: No such file or directory - assigning defaults
Mar 25 10:08:24 Tower emhttp: get_config_idx: fopen /boot/config/shares/TV Shows.cfg: No such file or directory - assigning defaults
Mar 25 10:08:24 Tower emhttp: get_config_idx: fopen /boot/config/shares/apps.cfg: No such file or directory - assigning defaults
Mar 25 10:08:24 Tower emhttp: get_config_idx: fopen /boot/config/shares/mountpoint.cfg: No such file or directory - assigning defaults
Mar 25 10:08:24 Tower emhttp: Start SMB...
Mar 25 10:08:24 Tower emhttp: shcmd (117): /etc/rc.d/rc.samba start |& logger
Mar 25 10:08:24 Tower logger: Starting Samba:  /usr/sbin/nmbd -D
Mar 25 10:08:24 Tower logger:                  /usr/sbin/smbd -D
Mar 25 10:08:24 Tower emhttp: shcmd (118): cp /etc/avahi/services/smb.service- /etc/avahi/services/smb.service
Mar 25 10:08:24 Tower emhttp: shcmd (119): ps axc | grep -q rpc.mountd
Mar 25 10:08:24 Tower emhttp: _shcmd: shcmd (119): exit status: 1
Mar 25 10:08:24 Tower emhttp: Start AVAHI...
Mar 25 10:08:24 Tower emhttp: shcmd (120): /etc/rc.d/rc.avahidaemon start |& logger
Mar 25 10:08:24 Tower logger: Starting Avahi mDNS/DNS-SD Daemon:  /usr/sbin/avahi-daemon -D
Mar 25 10:08:24 Tower avahi-daemon[13574]: Found user 'avahi' (UID 61) and group 'avahi' (GID 214).
Mar 25 10:08:24 Tower avahi-daemon[13574]: Successfully dropped root privileges.
Mar 25 10:08:24 Tower avahi-daemon[13574]: avahi-daemon 0.6.31 starting up.
Mar 25 10:08:24 Tower avahi-daemon[13574]: Successfully called chroot().
Mar 25 10:08:24 Tower avahi-daemon[13574]: Successfully dropped remaining capabilities.
Mar 25 10:08:24 Tower avahi-daemon[13574]: Loading service file /services/smb.service.
Mar 25 10:08:24 Tower avahi-daemon[13574]: Joining mDNS multicast group on interface eth0.IPv4 with address 192.168.1.160.
Mar 25 10:08:24 Tower avahi-daemon[13574]: New relevant interface eth0.IPv4 for mDNS.
Mar 25 10:08:24 Tower avahi-daemon[13574]: Network interface enumeration completed.
Mar 25 10:08:24 Tower avahi-daemon[13574]: Registering new address record for 192.168.1.160 on eth0.IPv4.
Mar 25 10:08:24 Tower avahi-daemon[13574]: Registering HINFO record with values 'I686'/'LINUX'.
Mar 25 10:08:24 Tower emhttp: shcmd (121): /etc/rc.d/rc.avahidnsconfd start |& logger
Mar 25 10:08:24 Tower logger: Starting Avahi mDNS/DNS-SD DNS Server Configuration Daemon:  /usr/sbin/avahi-dnsconfd -D
Mar 25 10:08:24 Tower avahi-dnsconfd[13583]: Successfully connected to Avahi daemon.
Mar 25 10:08:24 Tower emhttp: shcmd (122): /usr/local/sbin/emhttp_event svcs_restarted
Mar 25 10:08:24 Tower emhttp_event: svcs_restarted
Mar 25 10:08:25 Tower avahi-daemon[13574]: Server startup complete. Host name is Anubis.local. Local service cookie is 1134704903.
Mar 25 10:08:26 Tower avahi-daemon[13574]: Service "Anubis" (/services/smb.service) successfully established.
Mar 25 10:09:19 Tower sudo:     root : TTY=unknown ; PWD=/ ; USER=root ; COMMAND=/usr/bin/python /mnt/user/apps/pyload/pyLoadCore.py -d --configdir=/mnt/user/apps/pyload --pidfile=/var/run/pyload/pyload.pid --daemon > /dev/null 2>&1
Mar 25 10:09:58 Tower su[14403]: Successful su for unraid-plex by root
Mar 25 10:09:58 Tower su[14403]: + ??? root:unraid-plex
Mar 25 10:09:58 Tower kernel: Plex Media Serv[14404]: segfault at fffffffc ip b5a389ca sp bffeaa40 error 5 in libstdc++.so.6.0.13[b59a5000+e4000]
Mar 25 10:11:21 Tower pms: Stopping Plex...
Mar 25 10:11:25 Tower su[15073]: Successful su for unraid-plex by root
Mar 25 10:11:25 Tower su[15073]: + ??? root:unraid-plex
Mar 25 10:11:25 Tower kernel: Plex Media Serv[15074]: segfault at fffffffc ip b5a379ca sp bfff50b0 error 5 in libstdc++.so.6.0.13[b59a4000+e4000]
Mar 25 10:11:30 Tower pms: /mnt/disk1/apps/plex/tmp doesn't exist creating it
Mar 25 10:11:30 Tower pms: Plex Media Server: changing owner of /mnt/disk1/apps/plex/tmp from root to unraid-plex
Mar 25 10:11:30 Tower pms: Starting Plex...
Mar 25 10:11:30 Tower su[15134]: Successful su for unraid-plex by root
Mar 25 10:11:30 Tower su[15134]: + ??? root:unraid-plex
Mar 25 10:11:30 Tower kernel: Plex Media Serv[15135]: segfault at fffffffc ip b597f9ca sp bf8b1ed0 error 5 in libstdc++.so.6.0.13[b58ec000+e4000]
Mar 25 10:11:32 Tower pms: Check 1: Plex has NOT started yet, something is maybe wrong!
Mar 25 10:11:35 Tower pms: Check 2: Plex has NOT started yet, something is maybe wrong!
Mar 25 10:11:38 Tower pms: Check 3: Plex has NOT started yet, something is maybe wrong!
Mar 25 10:11:41 Tower pms: Check 4: Plex has NOT started yet, something is maybe wrong!
Mar 25 10:11:44 Tower pms: Check 5: Plex has NOT started yet, something is maybe wrong!
Mar 25 10:11:50 Tower su[15168]: Successful su for unraid-plex by root
Mar 25 10:11:50 Tower su[15168]: + ??? root:unraid-plex
Mar 25 10:12:15 Tower pms: Stopping Plex...
Mar 25 10:12:18 Tower su[15332]: Successful su for unraid-plex by root
Mar 25 10:12:18 Tower su[15332]: + ??? root:unraid-plex
Mar 25 10:12:37 Tower sudo:     root : TTY=unknown ; PWD=/ ; USER=root ; COMMAND=/usr/bin/python /mnt/user/apps/pyload/pyLoadCore.py -d --configdir=/mnt/user/apps/pyload --pidfile=/var/run/pyload/pyload.pid --daemon > /dev/null 2>&1
Mar 25 10:13:56 Tower su[16155]: Successful su for unraid-plex by root
Mar 25 10:13:56 Tower su[16155]: + ??? root:unraid-plex
Mar 25 10:15:45 Tower emhttp: shcmd (123): /usr/local/sbin/emhttp_event stopping_svcs
Mar 25 10:15:45 Tower kernel: mdcmd (14): nocheck 
Mar 25 10:15:45 Tower kernel: md: nocheck_array: check not active
Mar 25 10:15:45 Tower emhttp_event: stopping_svcs
Mar 25 10:15:45 Tower emhttp: Stop AVAHI...
Mar 25 10:15:45 Tower emhttp: shcmd (124): /etc/rc.d/rc.avahidaemon stop |& logger
Mar 25 10:15:45 Tower logger: Stopping Avahi mDNS/DNS-SD Daemon: stopped
Mar 25 10:15:45 Tower avahi-daemon[13574]: Got SIGTERM, quitting.
Mar 25 10:15:45 Tower avahi-dnsconfd[13583]: read(): EOF
Mar 25 10:15:45 Tower avahi-daemon[13574]: Leaving mDNS multicast group on interface eth0.IPv4 with address 192.168.1.160.
Mar 25 10:15:45 Tower avahi-daemon[13574]: avahi-daemon 0.6.31 exiting.
Mar 25 10:15:46 Tower emhttp: shcmd (125): /etc/rc.d/rc.avahidnsconfd stop |& logger
Mar 25 10:15:46 Tower logger: Stopping Avahi mDNS/DNS-SD DNS Server Configuration Daemon: stopped
Mar 25 10:15:46 Tower emhttp: shcmd (126): ps axc | grep -q rpc.mountd
Mar 25 10:15:46 Tower emhttp: _shcmd: shcmd (126): exit status: 1
Mar 25 10:15:46 Tower emhttp: Stop SMB...
Mar 25 10:15:46 Tower emhttp: shcmd (127): /etc/rc.d/rc.samba stop |& logger
Mar 25 10:15:46 Tower emhttp: shcmd (128): rm /etc/avahi/services/smb.service &> /dev/null
Mar 25 10:15:46 Tower emhttp: Spinning up all drives...
Mar 25 10:15:46 Tower kernel: mdcmd (15): spinup 1
Mar 25 10:15:47 Tower emhttp: Sync filesystems...
Mar 25 10:15:47 Tower emhttp: shcmd (129): sync
Mar 25 10:15:47 Tower emhttp: shcmd (130): /usr/local/sbin/emhttp_event unmounting_disks
Mar 25 10:15:47 Tower emhttp_event: unmounting_disks
Mar 25 10:15:47 Tower pms: Stopping Plex...
Mar 25 10:15:49 Tower rc.unRAID[17003][17004]: Processing /etc/rc.d/rc.unRAID.d/ kill scripts.
Mar 25 10:15:53 Tower emhttp: shcmd (131): set -o pipefail ; umount /mnt/user |& logger
Mar 25 10:15:53 Tower shfs/user: fuse_main exit: 0
Mar 25 10:15:53 Tower emhttp: shcmd (132): rmdir /mnt/user |& logger
Mar 25 10:15:53 Tower emhttp: Unmounting disks...
Mar 25 10:15:53 Tower emhttp: shcmd (133): umount /mnt/disk1 |& logger
Mar 25 10:15:54 Tower emhttp: shcmd (134): rmdir /mnt/disk1 |& logger
Mar 25 10:15:54 Tower emhttp: shcmd (135): /usr/local/sbin/emhttp_event stopping_array
Mar 25 10:15:54 Tower emhttp_event: stopping_array
Mar 25 10:15:54 Tower kernel: mdcmd (16): stop 
Mar 25 10:15:54 Tower kernel: md1: stopping
Mar 25 10:15:54 Tower emhttp: shcmd (136): rmmod md-mod |& logger
Mar 25 10:15:54 Tower emhttp: shcmd (137): modprobe md-mod super=/boot/config/super.dat slots=3 |& logger
Mar 25 10:15:54 Tower emhttp: shcmd (138): udevadm settle
Mar 25 10:15:54 Tower kernel: md: unRAID driver removed
Mar 25 10:15:54 Tower kernel: md: unRAID driver 2.2.0 installed
Mar 25 10:15:54 Tower emhttp: Device inventory:
Mar 25 10:15:54 Tower emhttp: ST3000DM001-1CH166_Z1F33PRV (sdb) 2930266584
Mar 25 10:15:54 Tower kernel: mdcmd (1): import 0 0,0
Mar 25 10:15:54 Tower kernel: md: disk0 removed
Mar 25 10:15:54 Tower emhttp: shcmd (139): /usr/local/sbin/emhttp_event driver_loaded
Mar 25 10:15:54 Tower emhttp_event: driver_loaded
Mar 25 10:15:54 Tower kernel: mdcmd (2): import 1 8,16 2930266532 ST3000DM001-1CH166_Z1F33PRV
Mar 25 10:15:54 Tower kernel: md: import disk1: [8,16] (sdb) ST3000DM001-1CH166_Z1F33PRV size: 2930266532
Mar 25 10:15:54 Tower kernel: mdcmd (3): import 2 0,0
Mar 25 10:15:54 Tower emhttp: shcmd (140): /usr/local/sbin/emhttp_event stopped
Mar 25 10:15:54 Tower emhttp_event: stopped
Mar 25 10:15:54 Tower emhttp: shcmd (141): :>/etc/samba/smb-shares.conf
Mar 25 10:15:54 Tower emhttp: Start SMB...
Mar 25 10:15:54 Tower emhttp: shcmd (142): /etc/rc.d/rc.samba start |& logger
Mar 25 10:15:54 Tower logger: Starting Samba:  /usr/sbin/nmbd -D
Mar 25 10:15:54 Tower logger:                  /usr/sbin/smbd -D
Mar 25 10:15:54 Tower emhttp: shcmd (143): cp /etc/avahi/services/smb.service- /etc/avahi/services/smb.service
Mar 25 10:15:54 Tower emhttp: shcmd (144): ps axc | grep -q rpc.mountd
Mar 25 10:15:54 Tower emhttp: _shcmd: shcmd (144): exit status: 1
Mar 25 10:15:54 Tower emhttp: Start AVAHI...
Mar 25 10:15:54 Tower emhttp: shcmd (145): /etc/rc.d/rc.avahidaemon start |& logger
Mar 25 10:15:54 Tower logger: Starting Avahi mDNS/DNS-SD Daemon:  /usr/sbin/avahi-daemon -D
Mar 25 10:15:54 Tower avahi-daemon[17069]: Found user 'avahi' (UID 61) and group 'avahi' (GID 214).
Mar 25 10:15:54 Tower avahi-daemon[17069]: Successfully dropped root privileges.
Mar 25 10:15:54 Tower avahi-daemon[17069]: avahi-daemon 0.6.31 starting up.
Mar 25 10:15:54 Tower avahi-daemon[17069]: Successfully called chroot().
Mar 25 10:15:54 Tower avahi-daemon[17069]: Successfully dropped remaining capabilities.
Mar 25 10:15:54 Tower avahi-daemon[17069]: Loading service file /services/smb.service.
Mar 25 10:15:54 Tower avahi-daemon[17069]: Joining mDNS multicast group on interface eth0.IPv4 with address 192.168.1.160.
Mar 25 10:15:54 Tower avahi-daemon[17069]: New relevant interface eth0.IPv4 for mDNS.
Mar 25 10:15:54 Tower avahi-daemon[17069]: Network interface enumeration completed.
Mar 25 10:15:54 Tower avahi-daemon[17069]: Registering new address record for 192.168.1.160 on eth0.IPv4.
Mar 25 10:15:54 Tower avahi-daemon[17069]: Registering HINFO record with values 'I686'/'LINUX'.
Mar 25 10:15:54 Tower emhttp: shcmd (146): /etc/rc.d/rc.avahidnsconfd start |& logger
Mar 25 10:15:54 Tower logger: Starting Avahi mDNS/DNS-SD DNS Server Configuration Daemon:  /usr/sbin/avahi-dnsconfd -D
Mar 25 10:15:54 Tower avahi-dnsconfd[17078]: Successfully connected to Avahi daemon.
Mar 25 10:15:54 Tower emhttp: shcmd (147): rmmod md-mod |& logger
Mar 25 10:15:54 Tower emhttp: shcmd (148): modprobe md-mod super=/boot/config/super.dat slots=3 |& logger
Mar 25 10:15:54 Tower kernel: md: unRAID driver removed
Mar 25 10:15:54 Tower emhttp: shcmd (149): udevadm settle
Mar 25 10:15:54 Tower emhttp: Device inventory:
Mar 25 10:15:54 Tower emhttp: ST3000DM001-1CH166_Z1F33PRV (sdb) 2930266584
Mar 25 10:15:54 Tower emhttp: shcmd (150): /usr/local/sbin/emhttp_event driver_loaded
Mar 25 10:15:54 Tower emhttp_event: driver_loaded
Mar 25 10:15:54 Tower kernel: md: unRAID driver 2.2.0 installed
Mar 25 10:15:54 Tower kernel: mdcmd (1): import 0 0,0
Mar 25 10:15:54 Tower kernel: md: disk0 removed
Mar 25 10:15:54 Tower kernel: mdcmd (2): import 1 8,16 2930266532 ST3000DM001-1CH166_Z1F33PRV
Mar 25 10:15:54 Tower kernel: md: import disk1: [8,16] (sdb) ST3000DM001-1CH166_Z1F33PRV size: 2930266532
Mar 25 10:15:54 Tower kernel: mdcmd (3): import 2 0,0
Mar 25 10:15:54 Tower emhttp: shcmd (151): rmmod md-mod |& logger
Mar 25 10:15:54 Tower emhttp: shcmd (152): modprobe md-mod super=/boot/config/super.dat slots=3 |& logger
Mar 25 10:15:54 Tower emhttp: shcmd (153): udevadm settle
Mar 25 10:15:54 Tower emhttp: Device inventory:
Mar 25 10:15:54 Tower emhttp: ST3000DM001-1CH166_Z1F33PRV (sdb) 2930266584
Mar 25 10:15:54 Tower emhttp: shcmd (154): /usr/local/sbin/emhttp_event driver_loaded
Mar 25 10:15:54 Tower emhttp_event: driver_loaded
Mar 25 10:15:54 Tower kernel: md: unRAID driver removed
Mar 25 10:15:54 Tower kernel: md: unRAID driver 2.2.0 installed
Mar 25 10:15:54 Tower kernel: mdcmd (1): import 0 0,0
Mar 25 10:15:54 Tower kernel: md: disk0 removed
Mar 25 10:15:54 Tower kernel: mdcmd (2): import 1 8,16 2930266532 ST3000DM001-1CH166_Z1F33PRV
Mar 25 10:15:54 Tower kernel: md: import disk1: [8,16] (sdb) ST3000DM001-1CH166_Z1F33PRV size: 2930266532
Mar 25 10:15:54 Tower kernel: mdcmd (3): import 2 0,0
Mar 25 10:15:54 Tower emhttp: shcmd (155): rmmod md-mod |& logger
Mar 25 10:15:54 Tower emhttp: shcmd (156): modprobe md-mod super=/boot/config/super.dat slots=3 |& logger
Mar 25 10:15:54 Tower emhttp: shcmd (157): udevadm settle
Mar 25 10:15:54 Tower emhttp: Device inventory:
Mar 25 10:15:54 Tower emhttp: ST3000DM001-1CH166_Z1F33PRV (sdb) 2930266584
Mar 25 10:15:54 Tower emhttp: shcmd (158): /usr/local/sbin/emhttp_event driver_loaded
Mar 25 10:15:54 Tower emhttp_event: driver_loaded
Mar 25 10:15:54 Tower kernel: md: unRAID driver removed
Mar 25 10:15:54 Tower kernel: md: unRAID driver 2.2.0 installed
Mar 25 10:15:54 Tower kernel: mdcmd (1): import 0 0,0
Mar 25 10:15:54 Tower kernel: md: disk0 removed
Mar 25 10:15:54 Tower kernel: mdcmd (2): import 1 8,16 2930266532 ST3000DM001-1CH166_Z1F33PRV
Mar 25 10:15:54 Tower kernel: md: import disk1: [8,16] (sdb) ST3000DM001-1CH166_Z1F33PRV size: 2930266532
Mar 25 10:15:54 Tower kernel: mdcmd (3): import 2 0,0
Mar 25 10:15:54 Tower emhttp: shcmd (159): rmmod md-mod |& logger
Mar 25 10:15:54 Tower emhttp: shcmd (160): modprobe md-mod super=/boot/config/super.dat slots=3 |& logger
Mar 25 10:15:54 Tower kernel: md: unRAID driver removed
Mar 25 10:15:54 Tower kernel: md: unRAID driver 2.2.0 installed
Mar 25 10:15:54 Tower emhttp: shcmd (161): udevadm settle
Mar 25 10:15:54 Tower emhttp: Device inventory:
Mar 25 10:15:54 Tower emhttp: ST3000DM001-1CH166_Z1F33PRV (sdb) 2930266584
Mar 25 10:15:54 Tower emhttp: shcmd (162): /usr/local/sbin/emhttp_event driver_loaded
Mar 25 10:15:54 Tower emhttp_event: driver_loaded
Mar 25 10:15:54 Tower kernel: mdcmd (1): import 0 0,0
Mar 25 10:15:54 Tower kernel: md: disk0 removed
Mar 25 10:15:54 Tower kernel: mdcmd (2): import 1 8,16 2930266532 ST3000DM001-1CH166_Z1F33PRV
Mar 25 10:15:54 Tower kernel: md: import disk1: [8,16] (sdb) ST3000DM001-1CH166_Z1F33PRV size: 2930266532
Mar 25 10:15:54 Tower kernel: mdcmd (3): import 2 0,0
Mar 25 10:15:54 Tower emhttp: shcmd (163): rmmod md-mod |& logger
Mar 25 10:15:54 Tower emhttp: shcmd (164): modprobe md-mod super=/boot/config/super.dat slots=3 |& logger
Mar 25 10:15:54 Tower emhttp: shcmd (165): udevadm settle
Mar 25 10:15:54 Tower kernel: md: unRAID driver removed
Mar 25 10:15:54 Tower kernel: md: unRAID driver 2.2.0 installed
Mar 25 10:15:54 Tower emhttp: Device inventory:
Mar 25 10:15:54 Tower emhttp: ST3000DM001-1CH166_Z1F33PRV (sdb) 2930266584
Mar 25 10:15:54 Tower emhttp: shcmd (166): /usr/local/sbin/emhttp_event driver_loaded
Mar 25 10:15:54 Tower emhttp_event: driver_loaded
Mar 25 10:15:54 Tower kernel: mdcmd (1): import 0 0,0
Mar 25 10:15:54 Tower kernel: md: disk0 removed
Mar 25 10:15:54 Tower kernel: mdcmd (2): import 1 8,16 2930266532 ST3000DM001-1CH166_Z1F33PRV
Mar 25 10:15:54 Tower kernel: md: import disk1: [8,16] (sdb) ST3000DM001-1CH166_Z1F33PRV size: 2930266532
Mar 25 10:15:54 Tower kernel: mdcmd (3): import 2 0,0
Mar 25 10:15:54 Tower emhttp: shcmd (167): rmmod md-mod |& logger
Mar 25 10:15:54 Tower emhttp: shcmd (168): modprobe md-mod super=/boot/config/super.dat slots=3 |& logger
Mar 25 10:15:54 Tower emhttp: shcmd (169): udevadm settle
Mar 25 10:15:54 Tower emhttp: Device inventory:
Mar 25 10:15:54 Tower emhttp: ST3000DM001-1CH166_Z1F33PRV (sdb) 2930266584
Mar 25 10:15:54 Tower emhttp: shcmd (170): /usr/local/sbin/emhttp_event driver_loaded
Mar 25 10:15:54 Tower emhttp_event: driver_loaded
